cfb_console.c:320:13:video_drawchars	0	static
cfb_console.c:521:13:video_invertchar	0	static
cfb_console.c:1125:13:draw_bitmap	16	static
cfb_console.c:536:6:console_cursor.part.0	0	static
cfb_console.c:741:13:console_newline.constprop	0	static
cfb_console.c:314:12:board_cfb_skip	0	static
cfb_console.c:536:6:console_cursor	16	static
cfb_console.c:807:13:cfb_video_putc	64	static
cfb_console.c:1021:13:cfb_video_puts	64	static
cfb_console.c:1043:13:video_set_lut	0	static
cfb_console.c:1162:12:display_rle8_bitmap	1152	static
cfb_console.c:1722:13:plot_logo_or_black	96	static
cfb_console.c:1707:12:do_clrlogo	16	static
cfb_console.c:1311:5:video_display_bitmap	96	static
cfb_console.c:1997:6:video_clear	0	static
cfb_console.c:2125:12:board_video_skip	0	static
cfb_console.c:2131:5:drv_video_init	224	static
cfb_console.c:2186:6:video_position_cursor	0	static
cfb_console.c:2192:5:video_get_pixel_width	0	static
cfb_console.c:2197:5:video_get_pixel_height	0	static
cfb_console.c:2202:5:video_get_screen_rows	0	static
cfb_console.c:2207:5:video_get_screen_columns	0	static
