
Discarded input sections

 .data          0x0000000000000000        0x0 arch/arm/cpu/armv8/start.o
 .bss           0x0000000000000000        0x0 arch/arm/cpu/armv8/start.o
 .text.sdelay   0x0000000000000000        0xc arch/arm/cpu/armv8/built-in.o
 .text.timer_read_counter
                0x0000000000000000        0xc arch/arm/cpu/armv8/built-in.o
 .text.usec2ticks
                0x0000000000000000       0x44 arch/arm/cpu/armv8/built-in.o
 .text.set_one_region
                0x0000000000000000       0xd8 arch/arm/cpu/armv8/built-in.o
 .text.arch_get_page_table
                0x0000000000000000       0x20 arch/arm/cpu/armv8/built-in.o
 .text.mmu_set_region_dcache_behaviour
                0x0000000000000000       0xa8 arch/arm/cpu/armv8/built-in.o
 .text.mmu_change_region_attr
                0x0000000000000000       0xe8 arch/arm/cpu/armv8/built-in.o
 .text.enable_caches
                0x0000000000000000       0x14 arch/arm/cpu/armv8/built-in.o
 .text.__asm_switch_ttbr
                0x0000000000000000       0xe0 arch/arm/cpu/armv8/built-in.o
 .text.armv8_switch_to_el1
                0x0000000000000000       0xd0 arch/arm/cpu/armv8/built-in.o
 .rodata.arch_get_page_table.str1.1
                0x0000000000000000       0x1e arch/arm/cpu/armv8/built-in.o
 .rodata.mmu_set_region_dcache_behaviour.str1.1
                0x0000000000000000       0x20 arch/arm/cpu/armv8/built-in.o
 .rodata.set_one_region.str1.1
                0x0000000000000000       0x2e arch/arm/cpu/armv8/built-in.o
 .data          0x0000000000000000        0x0 arch/arm/cpu/armv8/built-in.o
 .bss           0x0000000000000000        0x0 arch/arm/cpu/armv8/built-in.o
 .text.board_quiesce_devices
                0x0000000000000000        0x4 arch/arm/lib/built-in.o
 .text.armv7_boot_nonsec_default
                0x0000000000000000        0x8 arch/arm/lib/built-in.o
 .text.enable_caches
                0x0000000000000000        0xc arch/arm/lib/built-in.o
 .text.invalidate_dcache_range
                0x0000000000000000        0x4 arch/arm/lib/built-in.o
 .text.flush_dcache_range
                0x0000000000000000        0x4 arch/arm/lib/built-in.o
 .text.flush_dcache_all
                0x0000000000000000        0xc arch/arm/lib/built-in.o
 .text.check_cache_range
                0x0000000000000000       0x40 arch/arm/lib/built-in.o
 .text.fdt_psci
                0x0000000000000000        0x8 arch/arm/lib/built-in.o
 .rodata.check_cache_range.str1.1
                0x0000000000000000       0x35 arch/arm/lib/built-in.o
 .rodata.enable_caches.str1.1
                0x0000000000000000       0x1d arch/arm/lib/built-in.o
 .data          0x0000000000000000        0x0 arch/arm/lib/built-in.o
 .__efi_runtime_rel_start
                0x0000000000000000        0x0 arch/arm/lib/built-in.o
 .__efi_runtime_rel_stop
                0x0000000000000000        0x0 arch/arm/lib/built-in.o
 .__efi_runtime_start
                0x0000000000000000        0x0 arch/arm/lib/built-in.o
 .__efi_runtime_stop
                0x0000000000000000        0x0 arch/arm/lib/built-in.o
 .__end         0x0000000000000000        0x0 arch/arm/lib/built-in.o
 .__secure_end  0x0000000000000000        0x0 arch/arm/lib/built-in.o
 .__secure_stack_end
                0x0000000000000000        0x0 arch/arm/lib/built-in.o
 .__secure_stack_start
                0x0000000000000000        0x0 arch/arm/lib/built-in.o
 .__secure_start
                0x0000000000000000        0x0 arch/arm/lib/built-in.o
 .bss           0x0000000000000000        0x0 arch/arm/lib/built-in.o
 .text.imx_iomux_set_gpr_register
                0x0000000000000000       0x4c arch/arm/mach-imx/built-in.o
 .text.board_mmc_get_env_dev
                0x0000000000000000        0x8 arch/arm/mach-imx/built-in.o
 .text.force_idle_bus
                0x0000000000000000      0x1d8 arch/arm/mach-imx/built-in.o
 .text.setup_i2c
                0x0000000000000000       0xc8 arch/arm/mach-imx/built-in.o
 .text.get_imx_reset_cause
                0x0000000000000000        0xc arch/arm/mach-imx/built-in.o
 .text.cpu_eth_init
                0x0000000000000000        0x4 arch/arm/mach-imx/built-in.o
 .text.cpu_mmc_init
                0x0000000000000000        0x4 arch/arm/mach-imx/built-in.o
 .text.mxs_wait_mask_set
                0x0000000000000000       0x58 arch/arm/mach-imx/built-in.o
 .text.mxs_wait_mask_clr
                0x0000000000000000       0x58 arch/arm/mach-imx/built-in.o
 .text.mxs_reset_block
                0x0000000000000000       0xbc arch/arm/mach-imx/built-in.o
 .text.call_imx_sip_ret2
                0x0000000000000000       0x40 arch/arm/mach-imx/built-in.o
 .text.enable_tzc380
                0x0000000000000000       0x34 arch/arm/mach-imx/built-in.o
 .text.mxs_set_lcdclk
                0x0000000000000000        0xc arch/arm/mach-imx/built-in.o
 .text.init_wdog_clk
                0x0000000000000000       0x78 arch/arm/mach-imx/built-in.o
 .text.init_nand_clk
[...]
Memory Configuration

Name             Origin             Length             Attributes
*default*        0x0000000000000000 0xffffffffffffffff

Linker script and memory map

Address of section .text set to 0x40200000
                0x0000000000000000                . = 0x0
                0x0000000000000000                . = ALIGN (0x8)

.text           0x0000000040200000    0x6e404
 *(.__image_copy_start)
 .__image_copy_start
                0x0000000040200000        0x0 arch/arm/lib/built-in.o
                0x0000000040200000                __image_copy_start
 arch/arm/cpu/armv8/start.o(.text*)
 .text          0x0000000040200000      0x114 arch/arm/cpu/armv8/start.o
                0x0000000040200000                _start
                0x0000000040200008                _TEXT_BASE
                0x0000000040200010                _end_ofs
                0x0000000040200018                _bss_start_ofs
                0x0000000040200020                _bss_end_ofs
                0x000000004020002c                save_boot_params_ret
                0x000000004020008c                apply_core_errata
                0x00000000402000c8                lowlevel_init
                0x00000000402000d4                smp_kick_all_cpus
                0x00000000402000d8                c_runtime_cpu_setup
 *(.text*)
 *fill*         0x0000000040200114      0x6ec 
 .text          0x0000000040200800      0x484 arch/arm/cpu/armv8/built-in.o
                0x0000000040200800                vectors
 .text.cleanup_before_linux
                0x0000000040200c84       0x28 arch/arm/cpu/armv8/built-in.o
                0x0000000040200c84                cleanup_before_linux
 .text.get_tbclk
                0x0000000040200cac        0x8 arch/arm/cpu/armv8/built-in.o
                0x0000000040200cac                get_tbclk
 .text.get_ticks
                0x0000000040200cb4       0x10 arch/arm/cpu/armv8/built-in.o
                0x0000000040200cb4                get_ticks
 .text.count_required_pts
                0x0000000040200cc4       0xf8 arch/arm/cpu/armv8/built-in.o
 .text.create_table
                0x0000000040200dbc       0x70 arch/arm/cpu/armv8/built-in.o
 .text.split_block
                0x0000000040200e2c       0x9c arch/arm/cpu/armv8/built-in.o
 .text.get_tcr  0x0000000040200ec8       0xe4 arch/arm/cpu/armv8/built-in.o
                0x0000000040200ec8                get_tcr
 .text.find_pte
                0x0000000040200fac       0x9c arch/arm/cpu/armv8/built-in.o
 .text.get_page_table_size
                0x0000000040201048       0x48 arch/arm/cpu/armv8/built-in.o
                0x0000000040201048                get_page_table_size
 .text.setup_pgtables
                0x0000000040201090      0x178 arch/arm/cpu/armv8/built-in.o
                0x0000000040201090                setup_pgtables
 .text.mmu_setup
                0x0000000040201208      0x13c arch/arm/cpu/armv8/built-in.o
                0x0000000040201208                mmu_setup
 .text.invalidate_dcache_all
                0x0000000040201344       0x14 arch/arm/cpu/armv8/built-in.o
                0x0000000040201344                invalidate_dcache_all
 .text.flush_dcache_all
                0x0000000040201358       0x14 arch/arm/cpu/armv8/built-in.o
                0x0000000040201358                flush_dcache_all
 .text.invalidate_dcache_range
                0x000000004020136c        0x4 arch/arm/cpu/armv8/built-in.o
                0x000000004020136c                invalidate_dcache_range
 .text.flush_dcache_range
                0x0000000040201370        0x4 arch/arm/cpu/armv8/built-in.o
                0x0000000040201370                flush_dcache_range
 .text.dcache_enable
                0x0000000040201374      0x110 arch/arm/cpu/armv8/built-in.o
                0x0000000040201374                dcache_enable
 .text.dcache_disable
                0x0000000040201484       0x84 arch/arm/cpu/armv8/built-in.o
                0x0000000040201484                dcache_disable
 .text.dcache_status
                0x0000000040201508       0x34 arch/arm/cpu/armv8/built-in.o
                0x0000000040201508                dcache_status
 .text.icache_disable
                0x000000004020153c       0x64 arch/arm/cpu/armv8/built-in.o
                0x000000004020153c                icache_disable
 .text.icache_status
                0x00000000402015a0       0x34 arch/arm/cpu/armv8/built-in.o
                0x00000000402015a0                icache_status
 .text.invalidate_icache_all
                0x00000000402015d4       0x14 arch/arm/cpu/armv8/built-in.o
                0x00000000402015d4                invalidate_icache_all
 .text.icache_enable
                0x00000000402015e8       0x74 arch/arm/cpu/armv8/built-in.o
                0x00000000402015e8                icache_enable
 .text.__asm_dcache_level
                0x000000004020165c       0x64 arch/arm/cpu/armv8/built-in.o
                0x000000004020165c                __asm_dcache_level
 .text.__asm_dcache_all
                0x00000000402016c0       0x60 arch/arm/cpu/armv8/built-in.o
                0x00000000402016c0                __asm_dcache_all
 .text.__asm_flush_dcache_all
                0x0000000040201720        0x8 arch/arm/cpu/armv8/built-in.o
                0x0000000040201720                __asm_flush_dcache_all
 .text.__asm_invalidate_dcache_all
                0x0000000040201728        0x8 arch/arm/cpu/armv8/built-in.o
                0x0000000040201728                __asm_invalidate_dcache_all
 .text.__asm_flush_dcache_range
                0x0000000040201730       0x34 arch/arm/cpu/armv8/built-in.o
                0x0000000040201730                __asm_flush_dcache_range
 .text.__asm_invalidate_dcache_range
                0x0000000040201764       0x30 arch/arm/cpu/armv8/built-in.o
                0x0000000040201764                __asm_invalidate_dcache_range
 .text.__asm_invalidate_icache_all
                0x0000000040201794        0xc arch/arm/cpu/armv8/built-in.o
                0x0000000040201794                __asm_invalidate_icache_all
 .text.__asm_invalidate_l3_dcache
                0x00000000402017a0        0x8 arch/arm/cpu/armv8/built-in.o
                0x00000000402017a0                __asm_invalidate_l3_dcache
 .text.__asm_flush_l3_dcache
                0x00000000402017a8        0x8 arch/arm/cpu/armv8/built-in.o
                0x00000000402017a8                __asm_flush_l3_dcache
 .text.__asm_invalidate_l3_icache
                0x00000000402017b0        0x8 arch/arm/cpu/armv8/built-in.o
                0x00000000402017b0                __asm_invalidate_l3_icache
 .text.__asm_invalidate_tlb_all
                0x00000000402017b8       0x4c arch/arm/cpu/armv8/built-in.o
                0x00000000402017b8                __asm_invalidate_tlb_all
 *fill*         0x0000000040201804        0x4 
 .text.armv8_switch_to_el2
                0x0000000040201808       0xb8 arch/arm/cpu/armv8/built-in.o
                0x0000000040201808                armv8_switch_to_el2
 .text.armv8_el2_to_aarch32
                0x00000000402018c0        0x4 arch/arm/cpu/armv8/built-in.o
                0x00000000402018c0                armv8_el2_to_aarch32
 *fill*         0x00000000402018c4        0x4 
 .text          0x00000000402018c8      0x140 arch/arm/lib/built-in.o
                0x00000000402018c8                _main
                0x0000000040201948                relocate_code
 .text.setjmp   0x0000000040201a08       0x28 arch/arm/lib/built-in.o
                0x0000000040201a08                setjmp
 .text.longjmp  0x0000000040201a30       0x2c arch/arm/lib/built-in.o
                0x0000000040201a30                longjmp
 .text.arch_fixup_fdt
                0x0000000040201a5c       0x30 arch/arm/lib/built-in.o
                0x0000000040201a5c                arch_fixup_fdt
 .text.arch_lmb_reserve
                0x0000000040201a8c       0x40 arch/arm/lib/built-in.o
                0x0000000040201a8c                arch_lmb_reserve
 .text.setup_board_tags
                0x0000000040201acc        0x4 arch/arm/lib/built-in.o
                0x0000000040201acc                setup_board_tags
 .text.boot_prep_linux
                0x0000000040201ad0       0xd0 arch/arm/lib/built-in.o
 .text.update_os_arch_secondary_cores
                0x0000000040201ba0        0x4 arch/arm/lib/built-in.o
                0x0000000040201ba0                update_os_arch_secondary_cores
 .text.boot_jump_linux
                0x0000000040201ba4       0xc0 arch/arm/lib/built-in.o
 .text.do_bootm_linux
                0x0000000040201c64       0x74 arch/arm/lib/built-in.o
                0x0000000040201c64                do_bootm_linux
 .text.boot_prep_vxworks
                0x0000000040201cd8       0x50 arch/arm/lib/built-in.o
                0x0000000040201cd8                boot_prep_vxworks
 .text.boot_jump_vxworks
                0x0000000040201d28        0xc arch/arm/lib/built-in.o
                0x0000000040201d28                boot_jump_vxworks
 .text.booti_setup
                0x0000000040201d34       0xb0 arch/arm/lib/built-in.o
                0x0000000040201d34                booti_setup
 .text.arch_reserve_stacks
                0x0000000040201de4       0x10 arch/arm/lib/built-in.o
                0x0000000040201de4                arch_reserve_stacks
 .text.interrupt_init
                0x0000000040201df4        0x8 arch/arm/lib/built-in.o
                0x0000000040201df4                interrupt_init
 .text.enable_interrupts
                0x0000000040201dfc        0x4 arch/arm/lib/built-in.o
                0x0000000040201dfc                enable_interrupts
 .text.disable_interrupts
                0x0000000040201e00        0x8 arch/arm/lib/built-in.o
                0x0000000040201e00                disable_interrupts
 .text.show_regs
                0x0000000040201e08       0x9c arch/arm/lib/built-in.o
                0x0000000040201e08                show_regs
 .text.do_bad_sync
                0x0000000040201ea4       0x3c arch/arm/lib/built-in.o
                0x0000000040201ea4                do_bad_sync
 .text.do_bad_irq
                0x0000000040201ee0       0x3c arch/arm/lib/built-in.o
                0x0000000040201ee0                do_bad_irq
 .text.do_bad_fiq
                0x0000000040201f1c       0x3c arch/arm/lib/built-in.o
                0x0000000040201f1c                do_bad_fiq
 .text.do_bad_error
                0x0000000040201f58       0x3c arch/arm/lib/built-in.o
                0x0000000040201f58                do_bad_error
 .text.do_sync  0x0000000040201f94       0x3c arch/arm/lib/built-in.o
                0x0000000040201f94                do_sync
 .text.do_irq   0x0000000040201fd0       0x3c arch/arm/lib/built-in.o
                0x0000000040201fd0                do_irq
 .text.do_fiq   0x000000004020200c       0x3c arch/arm/lib/built-in.o
                0x000000004020200c                do_fiq
 .text.do_error
                0x0000000040202048       0x3c arch/arm/lib/built-in.o
                0x0000000040202048                do_error
 .text.reset_misc
                0x0000000040202084        0x4 arch/arm/lib/built-in.o
                0x0000000040202084                reset_misc
 .text.do_reset
                0x0000000040202088       0x38 arch/arm/lib/built-in.o
                0x0000000040202088                do_reset
 .text.flush_cache
                0x00000000402020c0        0x8 arch/arm/lib/built-in.o
                0x00000000402020c0                flush_cache
 *fill*         0x00000000402020c8       0x38 
 .text          0x0000000040202100      0x198 arch/arm/mach-imx/built-in.o
                0x0000000040202100                rom_pointer
                0x0000000040202200                save_boot_params
                0x000000004020224c                restore_boot_params
 .text.imx_iomux_v3_setup_pad
                0x0000000040202298       0xc0 arch/arm/mach-imx/built-in.o
                0x0000000040202298                imx_iomux_v3_setup_pad
 .text.imx_iomux_v3_setup_multiple_pads
                0x0000000040202358       0x40 arch/arm/mach-imx/built-in.o
                0x0000000040202358                imx_iomux_v3_setup_multiple_pads
 .text.arch_auxiliary_core_up
                0x0000000040202398       0x54 arch/arm/mach-imx/built-in.o
                0x0000000040202398                arch_auxiliary_core_up
 .text.arch_auxiliary_core_check_up
                0x00000000402023ec       0x2c arch/arm/mach-imx/built-in.o
                0x00000000402023ec                arch_auxiliary_core_check_up
 .text.do_bootaux
                0x0000000040202418       0xa8 arch/arm/mach-imx/built-in.o
 .text.mmc_get_env_dev
                0x00000000402024c0       0x60 arch/arm/mach-imx/built-in.o
                0x00000000402024c0                mmc_get_env_dev
 .text.imx_get_mac_from_fuse
                0x0000000040202520      0x128 arch/arm/mach-imx/built-in.o
                0x0000000040202520                imx_get_mac_from_fuse
 .text.board_video_skip
                0x0000000040202648      0x1c0 arch/arm/mach-imx/built-in.o
                0x0000000040202648                board_video_skip
 .text.get_reset_cause
                0x0000000040202808       0xe8 arch/arm/mach-imx/built-in.o
 .text.get_reboot_reason
                0x00000000402028f0       0x38 arch/arm/mach-imx/built-in.o
                0x00000000402028f0                get_reboot_reason
 .text.get_imx_type
                0x0000000040202928       0x28 arch/arm/mach-imx/built-in.o
                0x0000000040202928                get_imx_type
 .text.arch_preboot_os
                0x0000000040202950        0x4 arch/arm/mach-imx/built-in.o
                0x0000000040202950                arch_preboot_os
 .text.get_cpu_speed_grade_hz
                0x0000000040202954      0x1f0 arch/arm/mach-imx/built-in.o
                0x0000000040202954                get_cpu_speed_grade_hz
 .text.get_cpu_temp_grade
                0x0000000040202b44       0x70 arch/arm/mach-imx/built-in.o
                0x0000000040202b44                get_cpu_temp_grade
 .text.print_cpuinfo
                0x0000000040202bb4      0x164 arch/arm/mach-imx/built-in.o
                0x0000000040202bb4                print_cpuinfo
 .text.get_boot_device
                0x0000000040202d18       0xb4 arch/arm/mach-imx/built-in.o
                0x0000000040202d18                get_boot_device
 .text.imx_sec_init
                0x0000000040202dcc        0x4 arch/arm/mach-imx/built-in.o
                0x0000000040202dcc                imx_sec_init
 .text.board_lmb_reserve
                0x0000000040202dd0       0x40 arch/arm/mach-imx/built-in.o
                0x0000000040202dd0                board_lmb_reserve
 .text.call_imx_sip
                0x0000000040202e10       0x28 arch/arm/mach-imx/built-in.o
                0x0000000040202e10                call_imx_sip
 .text.get_cpu_variant_type
                0x0000000040202e38       0x8c arch/arm/mach-imx/built-in.o
 .text.disable_fdt_nodes
                0x0000000040202ec4      0x10c arch/arm/mach-imx/built-in.o
 .text.disable_dcss_nodes
                0x0000000040202fd0       0x40 arch/arm/mach-imx/built-in.o
 .text.disable_mipi_dsi_nodes
                0x0000000040203010       0x40 arch/arm/mach-imx/built-in.o
 .text.timer_init
                0x0000000040203050       0x10 arch/arm/mach-imx/built-in.o
                0x0000000040203050                timer_init
 .text.set_wdog_reset
                0x0000000040203060       0x18 arch/arm/mach-imx/built-in.o
                0x0000000040203060                set_wdog_reset
 .text.enable_caches
                0x0000000040203078       0x34 arch/arm/mach-imx/built-in.o
                0x0000000040203078                enable_caches
 .text.get_cpu_rev
                0x00000000402030ac       0xa4 arch/arm/mach-imx/built-in.o
                0x00000000402030ac                get_cpu_rev
 .text.arch_cpu_init
                0x0000000040203150       0x88 arch/arm/mach-imx/built-in.o
                0x0000000040203150                arch_cpu_init
 .text.is_usb_boot
                0x00000000402031d8       0x1c arch/arm/mach-imx/built-in.o
                0x00000000402031d8                is_usb_boot
 .text.get_board_serial
                0x00000000402031f4       0x1c arch/arm/mach-imx/built-in.o
                0x00000000402031f4                get_board_serial
 .text.check_dcss_fused
                0x0000000040203210       0x18 arch/arm/mach-imx/built-in.o
                0x0000000040203210                check_dcss_fused
 .text.board_quiesce_devices
                0x0000000040203228       0x30 arch/arm/mach-imx/built-in.o
                0x0000000040203228                board_quiesce_devices
 .text.ft_system_setup
                0x0000000040203258      0x54c arch/arm/mach-imx/built-in.o
                0x0000000040203258                ft_system_setup
 .text.reset_cpu
                0x00000000402037a4       0x14 arch/arm/mach-imx/built-in.o
                0x00000000402037a4                reset_cpu
 .text.arch_misc_init
                0x00000000402037b8       0x60 arch/arm/mach-imx/built-in.o
                0x00000000402037b8                arch_misc_init
 .text.imx8m_usb_power
                0x0000000040203818       0x48 arch/arm/mach-imx/built-in.o
                0x0000000040203818                imx8m_usb_power
 .text.nxp_tmu_arch_init
                0x0000000040203860       0xb8 arch/arm/mach-imx/built-in.o
                0x0000000040203860                nxp_tmu_arch_init
 .text.select   0x0000000040203918       0x3c arch/arm/mach-imx/built-in.o
 .text.get_clk_root_target
                0x0000000040203954       0x8c arch/arm/mach-imx/built-in.o
 .text.clock_get_target_val
                0x00000000402039e0       0x68 arch/arm/mach-imx/built-in.o
                0x00000000402039e0                clock_get_target_val
 .text.clock_set_target_val
                0x0000000040203a48       0x64 arch/arm/mach-imx/built-in.o
                0x0000000040203a48                clock_set_target_val
 .text.clock_root_enabled
                0x0000000040203aac       0x74 arch/arm/mach-imx/built-in.o
                0x0000000040203aac                clock_root_enabled
 .text.clock_enable
                0x0000000040203b20       0x4c arch/arm/mach-imx/built-in.o
                0x0000000040203b20                clock_enable
 .text.clock_get_prediv
                0x0000000040203b6c       0x84 arch/arm/mach-imx/built-in.o
                0x0000000040203b6c                clock_get_prediv
 .text.clock_get_postdiv
                0x0000000040203bf0       0xa4 arch/arm/mach-imx/built-in.o
                0x0000000040203bf0                clock_get_postdiv
 .text.clock_get_src
                0x0000000040203c94       0x70 arch/arm/mach-imx/built-in.o
                0x0000000040203c94                clock_get_src
 .text.decode_frac_pll
                0x0000000040203d04       0xb4 arch/arm/mach-imx/built-in.o
 .text.decode_sscg_pll
                0x0000000040203db8      0x214 arch/arm/mach-imx/built-in.o
 .text.get_root_clk
                0x0000000040203fcc       0xd0 arch/arm/mach-imx/built-in.o
 .text.do_mx8m_showclocks
                0x000000004020409c      0x24c arch/arm/mach-imx/built-in.o
                0x000000004020409c                do_mx8m_showclocks
 .text.enable_ocotp_clk
                0x00000000402042e8       0x10 arch/arm/mach-imx/built-in.o
                0x00000000402042e8                enable_ocotp_clk
 .text.enable_i2c_clk
                0x00000000402042f8       0x3c arch/arm/mach-imx/built-in.o
                0x00000000402042f8                enable_i2c_clk
 .text.mxc_get_clock
                0x0000000040204334       0x5c arch/arm/mach-imx/built-in.o
                0x0000000040204334                mxc_get_clock
 .text.imx_get_uartclk
                0x0000000040204390        0x8 arch/arm/mach-imx/built-in.o
                0x0000000040204390                imx_get_uartclk
 .text.init_usb_clk
                0x0000000040204398       0xa4 arch/arm/mach-imx/built-in.o
                0x0000000040204398                init_usb_clk
 .text.init_clk_usdhc
                0x000000004020443c       0x88 arch/arm/mach-imx/built-in.o
                0x000000004020443c                init_clk_usdhc
 .text.set_clk_qspi
                0x00000000402044c4       0x38 arch/arm/mach-imx/built-in.o
                0x00000000402044c4                set_clk_qspi
 .text.set_clk_enet
                0x00000000402044fc       0xa4 arch/arm/mach-imx/built-in.o
                0x00000000402044fc                set_clk_enet
 .text.imx_get_fecclk
                0x00000000402045a0        0x8 arch/arm/mach-imx/built-in.o
                0x00000000402045a0                imx_get_fecclk
 .text.imx8m_get_gmode
                0x00000000402045a8        0xc arch/arm/mach-imx/built-in.o
                0x00000000402045a8                imx8m_get_gmode
 .text.imx8m_show_gmode
                0x00000000402045b4       0x68 arch/arm/mach-imx/built-in.o
                0x00000000402045b4                imx8m_show_gmode
 .text.imx8m_get_gd
                0x000000004020461c        0xc arch/arm/mach-imx/built-in.o
                0x000000004020461c                imx8m_get_gd
 .text.imx8m_create_color_bar
                0x0000000040204628       0x9c arch/arm/mach-imx/built-in.o
                0x0000000040204628                imx8m_create_color_bar
 .text.imx8m_display_shutdown
                0x00000000402046c4       0x38 arch/arm/mach-imx/built-in.o
                0x00000000402046c4                imx8m_display_shutdown
 .text.video_hw_init
                0x00000000402046fc      0x8d4 arch/arm/mach-imx/built-in.o
                0x00000000402046fc                video_hw_init
 .text.imx8m_fb_disable
                0x0000000040204fd0       0x24 arch/arm/mach-imx/built-in.o
                0x0000000040204fd0                imx8m_fb_disable
 .text.imx8m_fb_init
                0x0000000040204ff4       0xf4 arch/arm/mach-imx/built-in.o
                0x0000000040204ff4                imx8m_fb_init
 .text.mmc_map_to_kernel_blk
                0x00000000402050e8        0x4 board/freescale/common/built-in.o
                0x00000000402050e8                mmc_map_to_kernel_blk
 .text.board_late_mmc_env_init
                0x00000000402050ec       0x9c board/freescale/common/built-in.o
                0x00000000402050ec                board_late_mmc_env_init
 .text.board_qspi_init
                0x0000000040205188       0x28 board/freescale/imx8mq_evk/built-in.o
                0x0000000040205188                board_qspi_init
 .text.board_early_init_f
                0x00000000402051b0       0x3c board/freescale/imx8mq_evk/built-in.o
                0x00000000402051b0                board_early_init_f
 .text.board_postclk_init
                0x00000000402051ec        0x8 board/freescale/imx8mq_evk/built-in.o
                0x00000000402051ec                board_postclk_init
 .text.dram_init
                0x00000000402051f4       0x24 board/freescale/imx8mq_evk/built-in.o
                0x00000000402051f4                dram_init
 .text.ft_board_setup
                0x0000000040205218        0x8 board/freescale/imx8mq_evk/built-in.o
                0x0000000040205218                ft_board_setup
 .text.board_phy_config
                0x0000000040205220       0xa4 board/freescale/imx8mq_evk/built-in.o
                0x0000000040205220                board_phy_config
 .text.usb_gadget_handle_interrupts
                0x00000000402052c4       0x1c board/freescale/imx8mq_evk/built-in.o
                0x00000000402052c4                usb_gadget_handle_interrupts
 .text.board_usb_init
                0x00000000402052e0       0xd8 board/freescale/imx8mq_evk/built-in.o
                0x00000000402052e0                board_usb_init
 .text.board_usb_cleanup
                0x00000000402053b8       0x40 board/freescale/imx8mq_evk/built-in.o
                0x00000000402053b8                board_usb_cleanup
 .text.board_init
                0x00000000402053f8       0x7c board/freescale/imx8mq_evk/built-in.o
                0x00000000402053f8                board_init
 .text.board_mmc_get_env_dev
                0x0000000040205474        0x4 board/freescale/imx8mq_evk/built-in.o
                0x0000000040205474                board_mmc_get_env_dev
 .text.board_late_init
                0x0000000040205478       0x18 board/freescale/imx8mq_evk/built-in.o
                0x0000000040205478                board_late_init
 .text.do_go_exec
                0x0000000040205490       0x10 cmd/built-in.o
                0x0000000040205490                do_go_exec
 .text.do_go    0x00000000402054a0       0x88 cmd/built-in.o
 .text.do_bootm
                0x0000000040205528      0x108 cmd/built-in.o
                0x0000000040205528                do_bootm
 .text.do_bootd
                0x0000000040205630       0x2c cmd/built-in.o
                0x0000000040205630                do_bootd
 .text.image_info
                0x000000004020565c      0x148 cmd/built-in.o
 .text.do_iminfo
                0x00000000402057a4       0x74 cmd/built-in.o
 .text.bootm_maybe_autostart
                0x0000000040205818       0x74 cmd/built-in.o
                0x0000000040205818                bootm_maybe_autostart
 .text.do_help  0x000000004020588c       0x3c cmd/built-in.o
 .text.do_version
                0x00000000402058c8       0x40 cmd/built-in.o
 .text.blk_common_cmd
                0x0000000040205908      0x32c cmd/built-in.o
                0x0000000040205908                blk_common_cmd
 .text.source   0x0000000040205c34      0x1d0 cmd/built-in.o
                0x0000000040205c34                source
 .text.do_source
                0x0000000040205e04       0x78 cmd/built-in.o
 .text.print_num
                0x0000000040205e7c       0x14 cmd/built-in.o
 .text.do_bdinfo
                0x0000000040205e90      0x114 cmd/built-in.o
 .text.efi_do_enter
                0x0000000040205fa4       0x5c cmd/built-in.o
 .text.efi_init_obj_list
                0x0000000040206000       0x38 cmd/built-in.o
 .text.efi_run_in_el2
                0x0000000040206038       0x3c cmd/built-in.o
 .text.do_bootefi_exec
                0x0000000040206074      0x3ec cmd/built-in.o
 .text.do_bootefi
                0x0000000040206460      0x15c cmd/built-in.o
 .text.efi_set_bootdev
                0x00000000402065bc      0x120 cmd/built-in.o
                0x00000000402065bc                efi_set_bootdev
 .text.do_booti
                0x00000000402066dc      0x10c cmd/built-in.o
                0x00000000402066dc                do_booti
 .text.parse_argv
                0x00000000402067e8       0x68 cmd/built-in.o
 .text.do_icache
                0x0000000040206850       0x98 cmd/built-in.o
 .text.do_dcache
                0x00000000402068e8       0x98 cmd/built-in.o
 .text.do_coninfo
                0x0000000040206980       0xdc cmd/built-in.o
 .text.do_echo  0x0000000040206a5c       0xd8 cmd/built-in.o
 .text.load_elf_image_shdr
                0x0000000040206b34       0xa0 cmd/built-in.o
 .text.valid_elf_image
                0x0000000040206bd4       0x58 cmd/built-in.o
                0x0000000040206bd4                valid_elf_image
 .text.do_bootelf
                0x0000000040206c2c      0x1c8 cmd/built-in.o
                0x0000000040206c2c                do_bootelf
 .text.do_bootvx
                0x0000000040206df4      0x360 cmd/built-in.o
                0x0000000040206df4                do_bootvx
 .text.do_exit  0x0000000040207154       0x40 cmd/built-in.o
 .text.do_ext4_size
                0x0000000040207194        0x8 cmd/built-in.o
                0x0000000040207194                do_ext4_size
 .text.do_ext4_load
                0x000000004020719c        0x8 cmd/built-in.o
                0x000000004020719c                do_ext4_load
 .text.do_ext4_ls
                0x00000000402071a4        0x8 cmd/built-in.o
                0x00000000402071a4                do_ext4_ls
 .text.do_ext4_write
                0x00000000402071ac        0x8 cmd/built-in.o
                0x00000000402071ac                do_ext4_write
 .text.do_ext2load
                0x00000000402071b4        0x8 cmd/built-in.o
                0x00000000402071b4                do_ext2load
 .text.do_ext2ls
                0x00000000402071bc        0x8 cmd/built-in.o
 .text.do_fat_size
                0x00000000402071c4        0x8 cmd/built-in.o
                0x00000000402071c4                do_fat_size
 .text.do_fat_fsload
                0x00000000402071cc        0x8 cmd/built-in.o
                0x00000000402071cc                do_fat_fsload
 .text.do_fat_ls
                0x00000000402071d4        0x8 cmd/built-in.o
 .text.do_fat_fswrite
                0x00000000402071dc      0x120 cmd/built-in.o
 .text.do_fat_fsinfo
                0x00000000402072fc       0x94 cmd/built-in.o
 .text.fdt_valid
                0x0000000040207390       0xcc cmd/built-in.o
 .text.is_printable_string
                0x000000004020745c       0x80 cmd/built-in.o
 .text.print_data
                0x00000000402074dc      0x1b8 cmd/built-in.o
 .text.set_working_fdt_addr
                0x0000000040207694       0x18 cmd/built-in.o
                0x0000000040207694                set_working_fdt_addr
 .text.do_fdt   0x00000000402076ac      0xf94 cmd/built-in.o
 .text.do_flinfo
                0x0000000040208640        0x8 cmd/built-in.o
 .text.do_protect
                0x0000000040208648        0xc cmd/built-in.o
 .text.do_flerase
                0x0000000040208654        0x8 cmd/built-in.o
 .text.strtou32
                0x000000004020865c       0x54 cmd/built-in.o
 .text.do_fuse  0x00000000402086b0      0x364 cmd/built-in.o
 .text.gpio_get_description
                0x0000000040208a14       0xc8 cmd/built-in.o
 .text.do_gpio  0x0000000040208adc      0x35c cmd/built-in.o
 .text.do_i2c   0x0000000040208e38       0x80 cmd/built-in.o
 .text.i2c_get_cur_bus
                0x0000000040208eb8       0x38 cmd/built-in.o
 .text.do_i2c_bus_speed
                0x0000000040208ef0       0xb0 cmd/built-in.o
 .text.do_i2c_reset
                0x0000000040208fa0       0x38 cmd/built-in.o
 .text.i2c_get_cur_bus_chip
                0x0000000040208fd8       0x40 cmd/built-in.o
 .text.do_i2c_olen
                0x0000000040209018       0xb8 cmd/built-in.o
 .text.do_i2c_flags
                0x00000000402090d0       0xcc cmd/built-in.o
 .text.do_i2c_probe
                0x000000004020919c       0xcc cmd/built-in.o
 .text.do_i2c_bus_num
                0x0000000040209268       0xb4 cmd/built-in.o
 .text.show_bus
                0x000000004020931c       0x98 cmd/built-in.o
 .text.do_i2c_show_bus
                0x00000000402093b4       0xc0 cmd/built-in.o
 .text.get_alen.constprop.4
                0x0000000040209474       0x38 cmd/built-in.o
 .text.do_i2c_crc
                0x00000000402094ac      0x180 cmd/built-in.o
 .text.mod_i2c_mem.isra.1
                0x000000004020962c      0x244 cmd/built-in.o
 .text.do_i2c_nm
                0x0000000040209870        0x8 cmd/built-in.o
 .text.do_i2c_mm
                0x0000000040209878        0x8 cmd/built-in.o
 .text.do_i2c_md
                0x0000000040209880      0x234 cmd/built-in.o
 .text.do_i2c_read
                0x0000000040209ab4      0x104 cmd/built-in.o
 .text.do_i2c_mw
                0x0000000040209bb8      0x148 cmd/built-in.o
 .text.do_i2c_write
                0x0000000040209d00      0x1c8 cmd/built-in.o
 .text.do_i2c_loop
                0x0000000040209ec8      0x14c cmd/built-in.o
 .text.evalexp  0x000000004020a014       0x94 cmd/built-in.o
 .text.evalstr  0x000000004020a0a8       0x5c cmd/built-in.o
 .text.binary_test
                0x000000004020a104      0x1ac cmd/built-in.o
 .text.do_itest
                0x000000004020a2b0       0x90 cmd/built-in.o
 .text.bin_data_init
                0x000000004020a340       0x1c cmd/built-in.o
 .text.k_data_save
                0x000000004020a35c       0x34 cmd/built-in.o
 .text.k_data_restore
                0x000000004020a390       0x34 cmd/built-in.o
 .text.getcxmodem
                0x000000004020a3c4       0x24 cmd/built-in.o
 .text.load_serial_ymodem
                0x000000004020a3e8       0xf0 cmd/built-in.o
 .text.bin_data_char
                0x000000004020a4d8       0x28 cmd/built-in.o
 .text.chk1.constprop.2
                0x000000004020a500       0x34 cmd/built-in.o
 .text.s1_sendpacket.constprop.3
                0x000000004020a534       0x60 cmd/built-in.o
 .text.load_serial
                0x000000004020a594      0x1ec cmd/built-in.o
 .text.do_load_serial
                0x000000004020a780       0xe4 cmd/built-in.o
 .text.do_load_serial_bin
                0x000000004020a864      0x7cc cmd/built-in.o
 .text.do_mem_loop
                0x000000004020b030      0x144 cmd/built-in.o
 .text.do_mem_md
                0x000000004020b174       0xf4 cmd/built-in.o
 .text.do_mem_cmp
                0x000000004020b268      0x1a8 cmd/built-in.o
 .text.do_mem_base
                0x000000004020b410       0x4c cmd/built-in.o
 .text.do_mem_mw
                0x000000004020b45c      0x108 cmd/built-in.o
 .text.do_mem_cp
                0x000000004020b564       0xc0 cmd/built-in.o
 .text.do_mem_mtest
                0x000000004020b624      0x22c cmd/built-in.o
 .text.mod_mem.isra.0
                0x000000004020b850      0x1c8 cmd/built-in.o
 .text.do_mem_mm
                0x000000004020ba18        0x8 cmd/built-in.o
 .text.do_mem_nm
                0x000000004020ba20        0x8 cmd/built-in.o
 .text.extract_range
                0x000000004020ba28       0xf8 cmd/built-in.o
 .text.do_mii   0x000000004020bb20      0x8c4 cmd/built-in.o
 .text.do_mdio  0x000000004020c3e4      0x4a4 cmd/built-in.o
 .text.do_sleep
                0x000000004020c888       0xe8 cmd/built-in.o
 .text.do_mmcops
                0x000000004020c970       0xd0 cmd/built-in.o
 .text.init_mmc_device
                0x000000004020ca40       0x64 cmd/built-in.o
 .text.do_mmc_rescan
                0x000000004020caa4       0x28 cmd/built-in.o
 .text.do_mmc_rst_func
                0x000000004020cacc       0xa8 cmd/built-in.o
 .text.do_mmc_boot_resize
                0x000000004020cb74       0xe0 cmd/built-in.o
 .text.do_mmc_bootbus
                0x000000004020cc54       0xc8 cmd/built-in.o
 .text.do_mmc_hwpartition
                0x000000004020cd1c      0x4f0 cmd/built-in.o
 .text.do_mmc_list
                0x000000004020d20c       0x1c cmd/built-in.o
 .text.do_mmc_dev
                0x000000004020d228      0x14c cmd/built-in.o
 .text.do_mmc_erase
                0x000000004020d374      0x104 cmd/built-in.o
 .text.do_mmc_write
                0x000000004020d478      0x124 cmd/built-in.o
 .text.do_mmc_read
                0x000000004020d59c       0xfc cmd/built-in.o
 .text.do_mmcinfo
                0x000000004020d698      0x3bc cmd/built-in.o
 .text.do_mmc_partconf
                0x000000004020da54      0x110 cmd/built-in.o
 .text.do_mmc_setdsr
                0x000000004020db64       0xbc cmd/built-in.o
 .text.do_mmc_part
                0x000000004020dc20       0x64 cmd/built-in.o
 .text.netboot_common
                0x000000004020dc84      0x270 cmd/built-in.o
 .text.do_bootp
                0x000000004020def4        0xc cmd/built-in.o
 .text.do_dhcp  0x000000004020df00        0xc cmd/built-in.o
 .text.do_nfs   0x000000004020df0c        0xc cmd/built-in.o
 .text.do_tftpb
                0x000000004020df18       0x58 cmd/built-in.o
                0x000000004020df18                do_tftpb
 .text.do_ping  0x000000004020df70       0x7c cmd/built-in.o
 .text.do_raw_read
                0x000000004020dfec      0x18c cmd/built-in.o
                0x000000004020dfec                do_raw_read
 .text.bytes_per_second
                0x000000004020e178       0x4c cmd/built-in.o
 .text.do_spi_flash
                0x000000004020e1c4      0x7b4 cmd/built-in.o
 .text.substitute
                0x000000004020e978      0x118 cmd/built-in.o
 .text.get_arg  0x000000004020ea90       0x68 cmd/built-in.o
 .text.regex_sub.part.1
                0x000000004020eaf8      0x2c8 cmd/built-in.o
 .text.do_setexpr
                0x000000004020edc0      0x1a8 cmd/built-in.o
 .text.do_false
                0x000000004020ef68        0x8 cmd/built-in.o
 .text.do_true  0x000000004020ef70        0x8 cmd/built-in.o
 .text.do_test  0x000000004020ef78      0x358 cmd/built-in.o
 .text.do_unzip
                0x000000004020f2d0       0xbc cmd/built-in.o
 .text.do_gzwrite
                0x000000004020f38c      0x118 cmd/built-in.o
 .text.do_lzmadec
                0x000000004020f4a4       0xbc cmd/built-in.o
 .text.usb_get_class_desc
                0x000000004020f560       0xc0 cmd/built-in.o
 .text.usb_display_class_sub
                0x000000004020f620      0x18c cmd/built-in.o
 .text.usb_display_desc
                0x000000004020f7ac      0x144 cmd/built-in.o
 .text.usb_show_tree_graph
                0x000000004020f8f0      0x238 cmd/built-in.o
 .text.usb_show_subtree
                0x000000004020fb28       0x38 cmd/built-in.o
 .text.usb_for_each_root_dev
                0x000000004020fb60       0x68 cmd/built-in.o
 .text.usb_display_string
                0x000000004020fbc8       0x4c cmd/built-in.o
 .text.usb_display_config
                0x000000004020fc14      0x268 cmd/built-in.o
 .text.usb_show_info
                0x000000004020fe7c       0x78 cmd/built-in.o
 .text.usb_find_device
                0x000000004020fef4       0xb0 cmd/built-in.o
 .text.do_usbboot
                0x000000004020ffa4        0xc cmd/built-in.o
 .text.do_usb_start
                0x000000004020ffb0       0x30 cmd/built-in.o
 .text.usb_show_tree
                0x000000004020ffe0        0xc cmd/built-in.o
                0x000000004020ffe0                usb_show_tree
 .text.do_usb   0x000000004020ffec      0x404 cmd/built-in.o
 .text.common_diskboot
                0x00000000402103f0      0x2a4 cmd/built-in.o
                0x00000000402103f0                common_diskboot
 .text.do_fastboot
                0x0000000040210694       0xc4 cmd/built-in.o
 .text.ums_fini
                0x0000000040210758       0x70 cmd/built-in.o
 .text.ums_write_sector
                0x00000000402107c8       0x20 cmd/built-in.o
 .text.ums_read_sector
                0x00000000402107e8       0x20 cmd/built-in.o
 .text.do_usb_mass_storage
                0x0000000040210808      0x358 cmd/built-in.o
 .text.do_imgextract
                0x0000000040210b60      0x3b4 cmd/built-in.o
 .text.do_pmic  0x0000000040210f14       0x7c cmd/built-in.o
 .text.do_list  0x0000000040210f90      0x188 cmd/built-in.o
 .text.do_dump  0x0000000040211118       0xfc cmd/built-in.o
 .text.do_write
                0x0000000040211214       0xe8 cmd/built-in.o
 .text.do_read  0x00000000402112fc       0xe0 cmd/built-in.o
 .text.do_dev   0x00000000402113dc      0x168 cmd/built-in.o
 .text.do_regulator
                0x0000000040211544       0x7c cmd/built-in.o
 .text.failure  0x00000000402115c0       0x28 cmd/built-in.o
 .text.constraint
                0x00000000402115e8       0x84 cmd/built-in.o
 .text.curr_dev_and_platdata
                0x000000004021166c       0x9c cmd/built-in.o
 .text.do_disable
                0x0000000040211708       0x68 cmd/built-in.o
 .text.do_enable
                0x0000000040211770       0x68 cmd/built-in.o
 .text.do_mode  0x00000000402117d8       0xd0 cmd/built-in.o
 .text.do_current
                0x00000000402118a8      0x104 cmd/built-in.o
 .text.do_value
                0x00000000402119ac      0x144 cmd/built-in.o
 .text.do_info  0x0000000040211af0      0x1d4 cmd/built-in.o
 .text.do_status
                0x0000000040211cc4      0x2b4 cmd/built-in.o
 .text.do_env_delete
                0x0000000040211f78       0xc0 cmd/built-in.o
 .text.do_env_exists
                0x0000000040212038       0x60 cmd/built-in.o
 .text.do_env_save
                0x0000000040212098       0x1c cmd/built-in.o
 .text.do_env   0x00000000402120b4       0x80 cmd/built-in.o
 .text.env_print
                0x0000000040212134       0xc0 cmd/built-in.o
 .text.do_env_print
                0x00000000402121f4       0xe0 cmd/built-in.o
 .text.do_env_default
                0x00000000402122d4       0x90 cmd/built-in.o
 .text._do_env_set.isra.0
                0x0000000040212364      0x1bc cmd/built-in.o
 .text.do_env_set
                0x0000000040212520       0x20 cmd/built-in.o
 .text.get_env_id
                0x0000000040212540        0xc cmd/built-in.o
                0x0000000040212540                get_env_id
 .text.env_set  0x000000004021254c       0x58 cmd/built-in.o
                0x000000004021254c                env_set
 .text.env_set_ulong
                0x00000000402125a4       0x2c cmd/built-in.o
                0x00000000402125a4                env_set_ulong
 .text.env_set_hex
                0x00000000402125d0       0x3c cmd/built-in.o
                0x00000000402125d0                env_set_hex
 .text.envmatch
                0x000000004021260c       0x7c cmd/built-in.o
                0x000000004021260c                envmatch
 .text.env_get_f
                0x0000000040212688       0xfc cmd/built-in.o
                0x0000000040212688                env_get_f
 .text.env_get  0x0000000040212784       0x78 cmd/built-in.o
                0x0000000040212784                env_get
 .text.env_get_hex
                0x00000000402127fc       0x48 cmd/built-in.o
                0x00000000402127fc                env_get_hex
 .text.env_get_ulong
                0x0000000040212844       0x40 cmd/built-in.o
                0x0000000040212844                env_get_ulong
 .text.do_env_edit.part.3
                0x0000000040212884       0xb4 cmd/built-in.o
 .text.do_env_edit
                0x0000000040212938       0x28 cmd/built-in.o
 .text.board_init_f_alloc_reserve
                0x0000000040212960       0x10 common/built-in.o
                0x0000000040212960                board_init_f_alloc_reserve
 .text.board_init_f_init_reserve
                0x0000000040212970       0x30 common/built-in.o
                0x0000000040212970                board_init_f_init_reserve
 .text.show_boot_progress
                0x00000000402129a0        0x8 common/built-in.o
                0x00000000402129a0                show_boot_progress
 .text.main_loop
                0x00000000402129a8       0x50 common/built-in.o
                0x00000000402129a8                main_loop
 .text.mdelay   0x00000000402129f8       0x34 common/built-in.o
 .text.dummy    0x0000000040212a2c        0x4 common/built-in.o
 .text.get_version
                0x0000000040212a30        0x8 common/built-in.o
                0x0000000040212a30                get_version
 .text.jumptable_init
                0x0000000040212a38      0x1f0 common/built-in.o
                0x0000000040212a38                jumptable_init
 .text.b_reset  0x0000000040212c28       0x18 common/built-in.o
 .text.static_get
                0x0000000040212c40       0x1c common/built-in.o
 .text.static_peek
                0x0000000040212c5c        0xc common/built-in.o
 .text.mapset   0x0000000040212c68       0x20 common/built-in.o
 .text.syntax_err
                0x0000000040212c88        0xc common/built-in.o
 .text.free_pipe_list
                0x0000000040212c94       0xf0 common/built-in.o
 .text.xmalloc  0x0000000040212d84       0x28 common/built-in.o
 .text.new_pipe
                0x0000000040212dac       0x24 common/built-in.o
 .text.xrealloc
                0x0000000040212dd0       0x28 common/built-in.o
 .text.done_command
                0x0000000040212df8       0x94 common/built-in.o
 .text.done_pipe
                0x0000000040212e8c       0x50 common/built-in.o
 .text.done_word
                0x0000000040212edc      0x298 common/built-in.o
 .text.is_assignment
                0x0000000040213174       0x4c common/built-in.o
 .text.file_get
                0x00000000402131c0      0x1ec common/built-in.o
 .text.do_showvar
                0x00000000402133ac      0x108 common/built-in.o
 .text.b_addchr
                0x00000000402134b4       0x94 common/built-in.o
 .text.b_addqchr
                0x0000000040213548       0x58 common/built-in.o
 .text.file_peek
                0x00000000402135a0        0xc common/built-in.o
 .text.get_local_var
                0x00000000402135ac       0x9c common/built-in.o
                0x00000000402135ac                get_local_var
 .text.set_local_var
                0x0000000040213648      0x1a4 common/built-in.o
                0x0000000040213648                set_local_var
 .text.insert_var_value_sub
                0x00000000402137ec      0x2c0 common/built-in.o
 .text.parse_string_outer
                0x0000000040213aac       0xec common/built-in.o
                0x0000000040213aac                parse_string_outer
 .text.run_list_real
                0x0000000040213b98      0x71c common/built-in.o
 .text.parse_stream_outer
                0x00000000402142b4      0x67c common/built-in.o
 .text.parse_file_outer
                0x0000000040214930       0x40 common/built-in.o
                0x0000000040214930                parse_file_outer
 .text.u_boot_hush_start
                0x0000000040214970       0x58 common/built-in.o
                0x0000000040214970                u_boot_hush_start
 .text.bootdelay_process
                0x00000000402149c8      0x1a0 common/built-in.o
                0x00000000402149c8                bootdelay_process
 .text.autoboot_command
                0x0000000040214b68      0x114 common/built-in.o
                0x0000000040214b68                autoboot_command
 .text.log_init
                0x0000000040214c7c       0x10 common/built-in.o
 .text.display_text_info
                0x0000000040214c8c        0x8 common/built-in.o
 .text.setup_mon_len
                0x0000000040214c94       0x20 common/built-in.o
 .text.reserve_round_4k
                0x0000000040214cb4       0x14 common/built-in.o
 .text.reserve_uboot
                0x0000000040214cc8       0x2c common/built-in.o
 .text.reserve_malloc
                0x0000000040214cf4       0x1c common/built-in.o
 .text.reserve_global_data
                0x0000000040214d10       0x1c common/built-in.o
 .text.reserve_fdt
                0x0000000040214d2c       0x48 common/built-in.o
 .text.dram_init_banksize
                0x0000000040214d74       0x34 common/built-in.o
                0x0000000040214d74                dram_init_banksize
 .text.reserve_mmu
                0x0000000040214da8       0x4c common/built-in.o
                0x0000000040214da8                reserve_mmu
 .text.setup_reloc
                0x0000000040214df4       0x48 common/built-in.o
 .text.reloc_fdt
                0x0000000040214e3c       0x44 common/built-in.o
 .text.reserve_board
                0x0000000040214e80       0x48 common/built-in.o
 .text.announce_dram_init
                0x0000000040214ec8       0x20 common/built-in.o
 .text.init_baud_rate
                0x0000000040214ee8       0x30 common/built-in.o
 .text.initf_dm
                0x0000000040214f18        0x8 common/built-in.o
 .text.initf_bootstage
                0x0000000040214f20       0x1c common/built-in.o
 .text.arch_cpu_init_dm
                0x0000000040214f3c        0x8 common/built-in.o
                0x0000000040214f3c                arch_cpu_init_dm
 .text.mach_cpu_init
                0x0000000040214f44        0x8 common/built-in.o
                0x0000000040214f44                mach_cpu_init
 .text.reserve_video
                0x0000000040214f4c        0x8 common/built-in.o
 .text.reserve_trace
                0x0000000040214f54        0x8 common/built-in.o
 .text.setup_machine
                0x0000000040214f5c        0x8 common/built-in.o
 .text.reserve_bootstage
                0x0000000040214f64        0x8 common/built-in.o
 .text.display_new_sp
                0x0000000040214f6c        0x8 common/built-in.o
 .text.reloc_bootstage
                0x0000000040214f74        0x8 common/built-in.o
 .text.initf_console_record
                0x0000000040214f7c        0x8 common/built-in.o
 .text.reserve_arch
                0x0000000040214f84        0x8 common/built-in.o
                0x0000000040214f84                reserve_arch
 .text.board_add_ram_info
                0x0000000040214f8c        0x4 common/built-in.o
                0x0000000040214f8c                board_add_ram_info
 .text.show_dram_config
                0x0000000040214f90       0x38 common/built-in.o
 .text.board_get_usable_ram_top
                0x0000000040214fc8       0x20 common/built-in.o
                0x0000000040214fc8                board_get_usable_ram_top
 .text.setup_dest_addr
                0x0000000040214fe8       0x4c common/built-in.o
 .text.reserve_stacks
                0x0000000040215034       0x1c common/built-in.o
 .text.board_init_f
                0x0000000040215050       0x2c common/built-in.o
                0x0000000040215050                board_init_f
 .text.initr_trace
                0x000000004021507c        0x8 common/built-in.o
 .text.initr_reloc
                0x0000000040215084       0x18 common/built-in.o
 .text.run_main_loop
                0x000000004021509c       0x10 common/built-in.o
 .text.initr_check_fastboot
                0x00000000402150ac       0x18 common/built-in.o
 .text.initr_net
                0x00000000402150c4       0x24 common/built-in.o
 .text.initr_fastboot_setup
                0x00000000402150e8       0x18 common/built-in.o
 .text.initr_ethaddr
                0x0000000040215100       0x28 common/built-in.o
 .text.initr_enable_interrupts
                0x0000000040215128       0x18 common/built-in.o
 .text.initr_jumptable
                0x0000000040215140       0x18 common/built-in.o
 .text.initr_env
                0x0000000040215158       0x70 common/built-in.o
 .text.initr_mmc
                0x00000000402151c8       0x28 common/built-in.o
 .text.initr_serial
                0x00000000402151f0       0x18 common/built-in.o
 .text.initr_dm
                0x0000000040215208       0x14 common/built-in.o
 .text.initr_bootstage
                0x000000004021521c       0x1c common/built-in.o
 .text.initr_malloc
                0x0000000040215238       0x2c common/built-in.o
 .text.initr_reloc_global_data
                0x0000000040215264       0x3c common/built-in.o
 .text.initr_caches
                0x00000000402152a0       0x18 common/built-in.o
 .text.bootstage_relocate
                0x00000000402152b8        0x8 common/built-in.o
 .text.initr_barrier
                0x00000000402152c0        0x8 common/built-in.o
 .text.initr_console_record
                0x00000000402152c8        0x8 common/built-in.o
 .text.power_init_board
                0x00000000402152d0        0x8 common/built-in.o
                0x00000000402152d0                power_init_board
 .text.initr_announce
                0x00000000402152d8        0x8 common/built-in.o
 .text.cpu_secondary_init_r
                0x00000000402152e0        0x4 common/built-in.o
                0x00000000402152e0                cpu_secondary_init_r
 .text.initr_secondary_cpu
                0x00000000402152e4       0x18 common/built-in.o
 .text.board_init_r
                0x00000000402152fc       0x24 common/built-in.o
                0x00000000402152fc                board_init_r
 .text.checkboard
                0x0000000040215320        0x8 common/built-in.o
                0x0000000040215320                checkboard
 .text.show_board_info
                0x0000000040215328       0x3c common/built-in.o
                0x0000000040215328                show_board_info
 .text.bootm_find_images
                0x0000000040215364       0xcc common/built-in.o
                0x0000000040215364                bootm_find_images
 .text.bootm_decomp_image
                0x0000000040215430      0x1a8 common/built-in.o
                0x0000000040215430                bootm_decomp_image
 .text.bootm_disable_interrupts
                0x00000000402155d8       0x28 common/built-in.o
                0x00000000402155d8                bootm_disable_interrupts
 .text.do_bootm_states
                0x0000000040215600      0x8ac common/built-in.o
                0x0000000040215600                do_bootm_states
 .text.do_bootm_rtems
                0x0000000040215eac       0x60 common/built-in.o
 .text.do_bootm_standalone
                0x0000000040215f0c       0x74 common/built-in.o
 .text.do_bootm_qnxelf
                0x0000000040215f80       0x8c common/built-in.o
 .text.do_bootm_plan9
                0x000000004021600c      0x104 common/built-in.o
 .text.do_bootvx_fdt
                0x0000000040216110      0x118 common/built-in.o
                0x0000000040216110                do_bootvx_fdt
 .text.do_bootm_vxworks
                0x0000000040216228       0x3c common/built-in.o
 .text.boot_selected_os
                0x0000000040216264       0x78 common/built-in.o
                0x0000000040216264                boot_selected_os
 .text.bootm_os_get_boot_func
                0x00000000402162dc       0x10 common/built-in.o
                0x00000000402162dc                bootm_os_get_boot_func
 .text.of_bus_default_map
                0x00000000402162ec       0xa8 common/built-in.o
 .text.of_bus_default_translate
                0x0000000040216394       0xb8 common/built-in.o
 .text.fdt_support_default_count_cells
                0x000000004021644c       0x70 common/built-in.o
                0x000000004021644c                fdt_support_default_count_cells
 .text.fdt_find_and_setprop
                0x00000000402164bc       0x94 common/built-in.o
                0x00000000402164bc                fdt_find_and_setprop
 .text.fdt_find_or_add_subnode
                0x0000000040216550       0x74 common/built-in.o
                0x0000000040216550                fdt_find_or_add_subnode
 .text.fdt_root
                0x00000000402165c4       0x98 common/built-in.o
                0x00000000402165c4                fdt_root
 .text.fdt_initrd
                0x000000004021665c      0x1b8 common/built-in.o
                0x000000004021665c                fdt_initrd
 .text.fdt_chosen
                0x0000000040216814       0xbc common/built-in.o
                0x0000000040216814                fdt_chosen
 .text.do_fixup_by_path
                0x00000000402168d0       0x4c common/built-in.o
                0x00000000402168d0                do_fixup_by_path
 .text.fdt_fixup_memory_banks
                0x000000004021691c      0x21c common/built-in.o
                0x000000004021691c                fdt_fixup_memory_banks
 .text.fdt_fixup_memory
                0x0000000040216b38       0x2c common/built-in.o
                0x0000000040216b38                fdt_fixup_memory
 .text.fdt_fixup_ethernet
                0x0000000040216b64      0x1a8 common/built-in.o
                0x0000000040216b64                fdt_fixup_ethernet
 .text.fdt_shrink_to_minimum
                0x0000000040216d0c       0xc8 common/built-in.o
                0x0000000040216d0c                fdt_shrink_to_minimum
 .text.fdt_increase_size
                0x0000000040216dd4       0x14 common/built-in.o
                0x0000000040216dd4                fdt_increase_size
 .text.fdt_translate_address
                0x0000000040216de8      0x294 common/built-in.o
                0x0000000040216de8                fdt_translate_address
 .text.miiphy_get_dev_by_name
                0x000000004021707c       0x68 common/built-in.o
                0x000000004021707c                miiphy_get_dev_by_name
 .text.miiphy_init
                0x00000000402170e4       0x1c common/built-in.o
                0x00000000402170e4                miiphy_init
 .text.mdio_alloc
                0x0000000040217100       0x3c common/built-in.o
                0x0000000040217100                mdio_alloc
 .text.mdio_free
                0x000000004021713c        0x4 common/built-in.o
                0x000000004021713c                mdio_free
 .text.mdio_register
                0x0000000040217140       0x8c common/built-in.o
                0x0000000040217140                mdio_register
 .text.mdio_unregister
                0x00000000402171cc       0x30 common/built-in.o
                0x00000000402171cc                mdio_unregister
 .text.mdio_list_devices
                0x00000000402171fc       0xc8 common/built-in.o
                0x00000000402171fc                mdio_list_devices
 .text.miiphy_set_current_dev
                0x00000000402172c4       0x48 common/built-in.o
                0x00000000402172c4                miiphy_set_current_dev
 .text.miiphy_get_active_dev
                0x000000004021730c       0x60 common/built-in.o
 .text.mdio_get_current_dev
                0x000000004021736c        0xc common/built-in.o
                0x000000004021736c                mdio_get_current_dev
 .text.mdio_phydev_for_ethname
                0x0000000040217378       0xa0 common/built-in.o
                0x0000000040217378                mdio_phydev_for_ethname
 .text.miiphy_get_current_dev
                0x0000000040217418       0x18 common/built-in.o
                0x0000000040217418                miiphy_get_current_dev
 .text.miiphy_read
                0x0000000040217430       0x5c common/built-in.o
                0x0000000040217430                miiphy_read
 .text.miiphy_write
                0x000000004021748c       0x5c common/built-in.o
                0x000000004021748c                miiphy_write
 .text.miiphy_listdev
                0x00000000402174e8       0x90 common/built-in.o
                0x00000000402174e8                miiphy_listdev
 .text.miiphy_info
                0x0000000040217578       0xa0 common/built-in.o
                0x0000000040217578                miiphy_info
 .text.miiphy_is_1000base_x
                0x0000000040217618       0x40 common/built-in.o
                0x0000000040217618                miiphy_is_1000base_x
 .text.miiphy_speed
                0x0000000040217658      0x11c common/built-in.o
                0x0000000040217658                miiphy_speed
 .text.miiphy_duplex
                0x0000000040217774      0x140 common/built-in.o
                0x0000000040217774                miiphy_duplex
 .text.usb_set_maxpacket_ep
                0x00000000402178b4       0x84 common/built-in.o
 .text.usb_control_msg
                0x0000000040217938       0xa0 common/built-in.o
                0x0000000040217938                usb_control_msg
 .text.usb_get_descriptor
                0x00000000402179d8       0x5c common/built-in.o
 .text.get_descriptor_len
                0x0000000040217a34       0xa4 common/built-in.o
 .text.usb_setup_descriptor
                0x0000000040217ad8       0xec common/built-in.o
 .text.usb_get_string
                0x0000000040217bc4       0xa4 common/built-in.o
 .text.usb_string_sub
                0x0000000040217c68      0x114 common/built-in.o
 .text.usb_bulk_msg
                0x0000000040217d7c       0x7c common/built-in.o
                0x0000000040217d7c                usb_bulk_msg
 .text.usb_maxpacket
                0x0000000040217df8       0x1c common/built-in.o
                0x0000000040217df8                usb_maxpacket
 .text.usb_clear_halt
                0x0000000040217e14       0xa0 common/built-in.o
                0x0000000040217e14                usb_clear_halt
 .text.usb_get_configuration_len
                0x0000000040217eb4       0x78 common/built-in.o
                0x0000000040217eb4                usb_get_configuration_len
 .text.usb_get_configuration_no
                0x0000000040217f2c       0x40 common/built-in.o
                0x0000000040217f2c                usb_get_configuration_no
 .text.usb_set_interface
                0x0000000040217f6c       0xbc common/built-in.o
                0x0000000040217f6c                usb_set_interface
 .text.usb_string
                0x0000000040218028      0x110 common/built-in.o
                0x0000000040218028                usb_string
 .text.usb_select_config
                0x0000000040218138      0x4b4 common/built-in.o
                0x0000000040218138                usb_select_config
 .text.usb_setup_device
                0x00000000402185ec      0x124 common/built-in.o
                0x00000000402185ec                usb_setup_device
 .text.usb_device_has_child_on_port
                0x0000000040218710        0x8 common/built-in.o
                0x0000000040218710                usb_device_has_child_on_port
 .text.usb_set_port_feature
                0x0000000040218718       0x4c common/built-in.o
 .text.usb_clear_port_feature
                0x0000000040218764       0x4c common/built-in.o
 .text.usb_get_hub_descriptor
                0x00000000402187b0       0x64 common/built-in.o
 .text.usb_hub_reset_devices
                0x0000000040218814        0x4 common/built-in.o
                0x0000000040218814                usb_hub_reset_devices
 .text.usb_hub_is_root_hub
                0x0000000040218818       0x20 common/built-in.o
                0x0000000040218818                usb_hub_is_root_hub
 .text.usb_get_port_status
                0x0000000040218838       0xc8 common/built-in.o
                0x0000000040218838                usb_get_port_status
 .text.usb_hub_port_connect_change
                0x0000000040218900      0x184 common/built-in.o
                0x0000000040218900                usb_hub_port_connect_change
 .text.usb_hub_configure
                0x0000000040218a84      0x59c common/built-in.o
 .text.usb_hub_scan
                0x0000000040219020       0x14 common/built-in.o
                0x0000000040219020                usb_hub_scan
 .text.usb_hub_post_probe
                0x0000000040219034        0x4 common/built-in.o
 .text.usb_stor_irq
                0x0000000040219038       0x18 common/built-in.o
 .text.usb_stor_BBB_reset
                0x0000000040219050      0x110 common/built-in.o
 .text.usb_stor_CB_reset
                0x0000000040219160       0xe0 common/built-in.o
 .text.usb_stor_BBB_clear_endpt_stall.isra.0
                0x0000000040219240       0x4c common/built-in.o
 .text.usb_stor_BBB_transport
                0x000000004021928c      0x264 common/built-in.o
 .text.usb_stor_CB_comdat
                0x00000000402194f0      0x1ec common/built-in.o
 .text.usb_stor_CBI_get_status.isra.2
                0x00000000402196dc       0xdc common/built-in.o
 .text.usb_stor_CB_transport
                0x00000000402197b8      0x1fc common/built-in.o
 .text.usb_request_sense.constprop.11
                0x00000000402199b4       0x8c common/built-in.o
 .text.usb_stor_read
                0x0000000040219a40      0x17c common/built-in.o
 .text.usb_stor_write
                0x0000000040219bbc      0x17c common/built-in.o
 .text.usb_stor_info
                0x0000000040219d38       0x88 common/built-in.o
                0x0000000040219d38                usb_stor_info
 .text.usb_stor_reset
                0x0000000040219dc0        0xc common/built-in.o
                0x0000000040219dc0                usb_stor_reset
 .text.usb_stor_scan
                0x0000000040219dcc       0x4c common/built-in.o
                0x0000000040219dcc                usb_stor_scan
 .text.usb_storage_probe
                0x0000000040219e18      0x27c common/built-in.o
                0x0000000040219e18                usb_storage_probe
 .text.usb_stor_get_info
                0x000000004021a094      0x2f8 common/built-in.o
                0x000000004021a094                usb_stor_get_info
 .text.usb_mass_storage_probe
                0x000000004021a38c      0x1a0 common/built-in.o
 .text.iomux_doenv
                0x000000004021a52c      0x1cc common/built-in.o
                0x000000004021a52c                iomux_doenv
 .text.splash_screen_prepare
                0x000000004021a6f8        0x8 common/built-in.o
                0x000000004021a6f8                splash_screen_prepare
 .text.splash_get_pos
                0x000000004021a700       0x98 common/built-in.o
                0x000000004021a700                splash_get_pos
 .text.delete_char.part.0
                0x000000004021a798       0xfc common/built-in.o
 .text.cread_add_char
                0x000000004021a894      0x100 common/built-in.o
 .text.cli_readline_into_buffer
                0x000000004021a994      0x92c common/built-in.o
                0x000000004021a994                cli_readline_into_buffer
 .text.cli_readline
                0x000000004021b2c0       0x14 common/built-in.o
                0x000000004021b2c0                cli_readline
 .text.console_tstc
                0x000000004021b2d4       0x98 common/built-in.o
 .text.console_putc
                0x000000004021b36c       0x70 common/built-in.o
 .text.console_puts
                0x000000004021b3dc       0x70 common/built-in.o
 .text.on_console
                0x000000004021b44c       0xc4 common/built-in.o
 .text.serial_printf
                0x000000004021b510       0x88 common/built-in.o
                0x000000004021b510                serial_printf
 .text.puts     0x000000004021b598       0x24 common/built-in.o
                0x000000004021b598                puts
 .text.putc     0x000000004021b5bc       0x28 common/built-in.o
                0x000000004021b5bc                putc
 .text.console_getc.isra.0
                0x000000004021b5e4       0x30 common/built-in.o
 .text.getc     0x000000004021b614       0x4c common/built-in.o
                0x000000004021b614                getc
 .text.tstc     0x000000004021b660       0x24 common/built-in.o
                0x000000004021b660                tstc
 .text.fputs    0x000000004021b684       0x10 common/built-in.o
                0x000000004021b684                fputs
 .text.ctrlc    0x000000004021b694       0x58 common/built-in.o
                0x000000004021b694                ctrlc
 .text.confirm_yesno
                0x000000004021b6ec       0xd4 common/built-in.o
                0x000000004021b6ec                confirm_yesno
 .text.disable_ctrlc
                0x000000004021b7c0       0x14 common/built-in.o
                0x000000004021b7c0                disable_ctrlc
 .text.had_ctrlc
                0x000000004021b7d4        0xc common/built-in.o
                0x000000004021b7d4                had_ctrlc
 .text.clear_ctrlc
                0x000000004021b7e0        0xc common/built-in.o
                0x000000004021b7e0                clear_ctrlc
 .text.search_device
                0x000000004021b7ec       0x34 common/built-in.o
                0x000000004021b7ec                search_device
 .text.console_assign
                0x000000004021b820       0xdc common/built-in.o
                0x000000004021b820                console_assign
 .text.console_init_f
                0x000000004021b8fc       0x10 common/built-in.o
                0x000000004021b8fc                console_init_f
 .text.stdio_print_current_devices
                0x000000004021b90c       0xc0 common/built-in.o
                0x000000004021b90c                stdio_print_current_devices
 .text.console_init_r
                0x000000004021b9cc      0x1bc common/built-in.o
                0x000000004021b9cc                console_init_r
 .text.sbrk     0x000000004021bb88       0x74 common/built-in.o
                0x000000004021bb88                sbrk
 .text.mem_malloc_init
                0x000000004021bbfc       0x28 common/built-in.o
                0x000000004021bbfc                mem_malloc_init
 .text.malloc_trim
                0x000000004021bc24       0xd8 common/built-in.o
                0x000000004021bc24                malloc_trim
 .text.free     0x000000004021bcfc      0x22c common/built-in.o
                0x000000004021bcfc                free
 .text.malloc   0x000000004021bf28      0x654 common/built-in.o
                0x000000004021bf28                malloc
 .text.calloc   0x000000004021c57c      0x10c common/built-in.o
                0x000000004021c57c                calloc
 .text.realloc  0x000000004021c688      0x468 common/built-in.o
                0x000000004021c688                realloc
 .text.memalign
                0x000000004021caf0      0x194 common/built-in.o
                0x000000004021caf0                memalign
 .text.initf_malloc
                0x000000004021cc84       0x18 common/built-in.o
                0x000000004021cc84                initf_malloc
 .text.malloc_simple
                0x000000004021cc9c       0x38 common/built-in.o
                0x000000004021cc9c                malloc_simple
 .text.on_loadaddr
                0x000000004021ccd4       0x40 common/built-in.o
 .text.image_check_hcrc
                0x000000004021cd14       0x50 common/built-in.o
                0x000000004021cd14                image_check_hcrc
 .text.image_check_dcrc
                0x000000004021cd64       0x44 common/built-in.o
                0x000000004021cd64                image_check_dcrc
 .text.image_multi_count
                0x000000004021cda8       0x1c common/built-in.o
                0x000000004021cda8                image_multi_count
 .text.image_multi_getimg
                0x000000004021cdc4       0x88 common/built-in.o
                0x000000004021cdc4                image_multi_getimg
 .text.env_get_bootm_low
                0x000000004021ce4c       0x34 common/built-in.o
                0x000000004021ce4c                env_get_bootm_low
 .text.env_get_bootm_size
                0x000000004021ce80       0x78 common/built-in.o
                0x000000004021ce80                env_get_bootm_size
 .text.env_get_bootm_mapsize
                0x000000004021cef8       0x30 common/built-in.o
                0x000000004021cef8                env_get_bootm_mapsize
 .text.memmove_wd
                0x000000004021cf28       0x10 common/built-in.o
                0x000000004021cf28                memmove_wd
 .text.genimg_print_size
                0x000000004021cf38       0x38 common/built-in.o
                0x000000004021cf38                genimg_print_size
 .text.get_table_entry
                0x000000004021cf70       0x20 common/built-in.o
                0x000000004021cf70                get_table_entry
 .text.get_table_entry_name
                0x000000004021cf90       0x28 common/built-in.o
                0x000000004021cf90                get_table_entry_name
 .text.genimg_get_os_name
                0x000000004021cfb8       0x18 common/built-in.o
                0x000000004021cfb8                genimg_get_os_name
 .text.genimg_get_arch_name
                0x000000004021cfd0       0x18 common/built-in.o
                0x000000004021cfd0                genimg_get_arch_name
 .text.genimg_get_type_name
                0x000000004021cfe8       0x18 common/built-in.o
                0x000000004021cfe8                genimg_get_type_name
 .text.genimg_get_comp_name
                0x000000004021d000       0x18 common/built-in.o
                0x000000004021d000                genimg_get_comp_name
 .text.image_print_contents
                0x000000004021d018      0x1b8 common/built-in.o
                0x000000004021d018                image_print_contents
 .text.get_table_entry_id
                0x000000004021d1d0       0x50 common/built-in.o
                0x000000004021d1d0                get_table_entry_id
 .text.genimg_get_os_id
                0x000000004021d220       0x18 common/built-in.o
                0x000000004021d220                genimg_get_os_id
 .text.genimg_get_arch_id
                0x000000004021d238       0x18 common/built-in.o
                0x000000004021d238                genimg_get_arch_id
 .text.genimg_get_type_id
                0x000000004021d250       0x18 common/built-in.o
                0x000000004021d250                genimg_get_type_id
 .text.genimg_get_comp_id
                0x000000004021d268       0x18 common/built-in.o
                0x000000004021d268                genimg_get_comp_id
 .text.genimg_get_kernel_addr_fit
                0x000000004021d280       0x7c common/built-in.o
                0x000000004021d280                genimg_get_kernel_addr_fit
 .text.genimg_get_format
                0x000000004021d2fc       0x5c common/built-in.o
                0x000000004021d2fc                genimg_get_format
 .text.genimg_has_config
                0x000000004021d358       0x10 common/built-in.o
                0x000000004021d358                genimg_has_config
 .text.boot_get_ramdisk
                0x000000004021d368      0x370 common/built-in.o
                0x000000004021d368                boot_get_ramdisk
 .text.boot_ramdisk_high
                0x000000004021d6d8      0x138 common/built-in.o
                0x000000004021d6d8                boot_ramdisk_high
 .text.boot_get_setup
                0x000000004021d810        0x4 common/built-in.o
                0x000000004021d810                boot_get_setup
 .text.boot_get_loadable
                0x000000004021d814      0x190 common/built-in.o
                0x000000004021d814                boot_get_loadable
 .text.image_setup_linux
                0x000000004021d9a4       0x6c common/built-in.o
                0x000000004021d9a4                image_setup_linux
 .text.android_image_get_kernel
                0x000000004021da10      0x618 common/built-in.o
                0x000000004021da10                android_image_get_kernel
 .text.android_image_check_header
                0x000000004021e028       0x14 common/built-in.o
                0x000000004021e028                android_image_check_header
 .text.android_image_get_end
                0x000000004021e03c       0xac common/built-in.o
                0x000000004021e03c                android_image_get_end
 .text.android_image_get_kload
                0x000000004021e0e8       0x58 common/built-in.o
                0x000000004021e0e8                android_image_get_kload
 .text.android_image_get_ramdisk
                0x000000004021e140      0x104 common/built-in.o
                0x000000004021e140                android_image_get_ramdisk
 .text.android_image_get_second
                0x000000004021e244      0x104 common/built-in.o
                0x000000004021e244                android_image_get_second
 .text.android_print_contents
                0x000000004021e348      0x210 common/built-in.o
                0x000000004021e348                android_print_contents
 .text.fdt_error
                0x000000004021e558       0x38 common/built-in.o
 .text.boot_fdt_add_mem_rsv_regions
                0x000000004021e590       0x94 common/built-in.o
                0x000000004021e590                boot_fdt_add_mem_rsv_regions
 .text.boot_relocate_fdt
                0x000000004021e624      0x1b8 common/built-in.o
                0x000000004021e624                boot_relocate_fdt
 .text.boot_get_fdt
                0x000000004021e7dc      0x3b0 common/built-in.o
                0x000000004021e7dc                boot_get_fdt
 .text.ft_verify_fdt
                0x000000004021eb8c        0x8 common/built-in.o
                0x000000004021eb8c                ft_verify_fdt
 .text.image_setup_libfdt
                0x000000004021eb94      0x16c common/built-in.o
                0x000000004021eb94                image_setup_libfdt
 .text.fit_image_get_address
                0x000000004021ed00       0x84 common/built-in.o
 .text.fit_parse_conf
                0x000000004021ed84       0x78 common/built-in.o
                0x000000004021ed84                fit_parse_conf
 .text.fit_parse_subimage
                0x000000004021edfc       0x78 common/built-in.o
                0x000000004021edfc                fit_parse_subimage
 .text.fit_get_desc
                0x000000004021ee74       0x38 common/built-in.o
                0x000000004021ee74                fit_get_desc
 .text.fit_image_get_node
                0x000000004021eeac       0x48 common/built-in.o
                0x000000004021eeac                fit_image_get_node
 .text.fit_image_get_os
                0x000000004021eef4       0x4c common/built-in.o
                0x000000004021eef4                fit_image_get_os
 .text.fit_image_get_arch
                0x000000004021ef40       0x4c common/built-in.o
                0x000000004021ef40                fit_image_get_arch
 .text.fit_image_get_type
                0x000000004021ef8c       0x4c common/built-in.o
                0x000000004021ef8c                fit_image_get_type
 .text.fit_image_get_comp
                0x000000004021efd8       0x4c common/built-in.o
                0x000000004021efd8                fit_image_get_comp
 .text.fit_image_get_load
                0x000000004021f024       0x10 common/built-in.o
                0x000000004021f024                fit_image_get_load
 .text.fit_image_get_entry
                0x000000004021f034       0x10 common/built-in.o
                0x000000004021f034                fit_image_get_entry
 .text.fit_image_get_data
                0x000000004021f044       0x50 common/built-in.o
                0x000000004021f044                fit_image_get_data
 .text.fit_image_hash_get_algo
                0x000000004021f094       0x38 common/built-in.o
                0x000000004021f094                fit_image_hash_get_algo
 .text.fit_image_hash_get_value
                0x000000004021f0cc       0x50 common/built-in.o
                0x000000004021f0cc                fit_image_hash_get_value
 .text.fit_image_print_data
                0x000000004021f11c      0x158 common/built-in.o
 .text.fit_image_print
                0x000000004021f274      0x390 common/built-in.o
                0x000000004021f274                fit_image_print
 .text.fit_get_end
                0x000000004021f604       0x10 common/built-in.o
                0x000000004021f604                fit_get_end
 .text.calculate_hash
                0x000000004021f614      0x11c common/built-in.o
                0x000000004021f614                calculate_hash
 .text.fit_image_verify
                0x000000004021f730      0x218 common/built-in.o
                0x000000004021f730                fit_image_verify
 .text.fit_all_image_verify
                0x000000004021f948      0x114 common/built-in.o
                0x000000004021f948                fit_all_image_verify
 .text.fit_image_check_os
                0x000000004021fa5c       0x3c common/built-in.o
                0x000000004021fa5c                fit_image_check_os
 .text.fit_image_check_arch
                0x000000004021fa98       0x64 common/built-in.o
                0x000000004021fa98                fit_image_check_arch
 .text.fit_image_check_type
                0x000000004021fafc       0x3c common/built-in.o
                0x000000004021fafc                fit_image_check_type
 .text.fit_image_check_comp
                0x000000004021fb38       0x3c common/built-in.o
                0x000000004021fb38                fit_image_check_comp
 .text.fit_check_format
                0x000000004021fb74       0x54 common/built-in.o
                0x000000004021fb74                fit_check_format
 .text.fit_conf_get_node
                0x000000004021fbc8       0xe0 common/built-in.o
                0x000000004021fbc8                fit_conf_get_node
 .text.fit_conf_get_prop_node_index
                0x000000004021fca8       0x3c common/built-in.o
                0x000000004021fca8                fit_conf_get_prop_node_index
 .text.fit_conf_get_prop_node
                0x000000004021fce4        0x8 common/built-in.o
                0x000000004021fce4                fit_conf_get_prop_node
 .text.fit_conf_print
                0x000000004021fcec      0x204 common/built-in.o
                0x000000004021fcec                fit_conf_print
 .text.fit_print_contents
                0x000000004021fef0      0x220 common/built-in.o
                0x000000004021fef0                fit_print_contents
 .text.fit_get_node_from_config
                0x0000000040220110       0x54 common/built-in.o
                0x0000000040220110                fit_get_node_from_config
 .text.fit_image_load
                0x0000000040220164      0x580 common/built-in.o
                0x0000000040220164                fit_image_load
 .text.boot_get_setup_fit
                0x00000000402206e4       0x78 common/built-in.o
                0x00000000402206e4                boot_get_setup_fit
 .text.boot_get_fdt_fit
                0x000000004022075c      0x180 common/built-in.o
                0x000000004022075c                boot_get_fdt_fit
 .text.get_effective_memsize
                0x00000000402208dc        0x8 common/built-in.o
                0x00000000402208dc                get_effective_memsize
 .text.nulldev_putc
                0x00000000402208e4        0x4 common/built-in.o
 .text.nulldev_puts
                0x00000000402208e8        0x4 common/built-in.o
 .text.nulldev_input
                0x00000000402208ec        0x8 common/built-in.o
 .text.stdio_serial_tstc
                0x00000000402208f4        0x4 common/built-in.o
 .text.stdio_serial_getc
                0x00000000402208f8        0x4 common/built-in.o
 .text.stdio_serial_puts
                0x00000000402208fc        0x8 common/built-in.o
 .text.stdio_serial_putc
                0x0000000040220904        0x8 common/built-in.o
 .text.stdio_get_list
                0x000000004022090c       0x10 common/built-in.o
                0x000000004022090c                stdio_get_list
 .text.stdio_get_by_name
                0x000000004022091c       0x6c common/built-in.o
                0x000000004022091c                stdio_get_by_name
 .text.stdio_clone
                0x0000000040220988       0x4c common/built-in.o
                0x0000000040220988                stdio_clone
 .text.stdio_register_dev
                0x00000000402209d4       0x58 common/built-in.o
                0x00000000402209d4                stdio_register_dev
 .text.stdio_register
                0x0000000040220a2c        0x8 common/built-in.o
                0x0000000040220a2c                stdio_register
 .text.stdio_init_tables
                0x0000000040220a34       0x18 common/built-in.o
                0x0000000040220a34                stdio_init_tables
 .text.stdio_add_devices
                0x0000000040220a4c       0xd8 common/built-in.o
                0x0000000040220a4c                stdio_add_devices
 .text.write_sparse_image
                0x0000000040220b24      0x41c common/built-in.o
                0x0000000040220b24                write_sparse_image
 .text.run_command
                0x0000000040220f40       0x14 common/built-in.o
                0x0000000040220f40                run_command
 .text.run_command_list
                0x0000000040220f54       0x90 common/built-in.o
                0x0000000040220f54                run_command_list
 .text.do_run   0x0000000040220fe4       0x80 common/built-in.o
                0x0000000040220fe4                do_run
 .text.cli_process_fdt
                0x0000000040221064       0x50 common/built-in.o
                0x0000000040221064                cli_process_fdt
 .text.cli_secure_boot_cmd
                0x00000000402210b4       0x74 common/built-in.o
                0x00000000402210b4                cli_secure_boot_cmd
 .text.cli_loop
                0x0000000040221128       0x10 common/built-in.o
                0x0000000040221128                cli_loop
 .text.cli_init
                0x0000000040221138        0x4 common/built-in.o
                0x0000000040221138                cli_init
 .text.find_cmd_tbl
                0x000000004022113c       0xc0 common/built-in.o
                0x000000004022113c                find_cmd_tbl
 .text.find_cmd
                0x00000000402211fc       0x28 common/built-in.o
                0x00000000402211fc                find_cmd
 .text.cmd_usage
                0x0000000040221224       0x68 common/built-in.o
                0x0000000040221224                cmd_usage
 .text._do_help
                0x000000004022128c      0x194 common/built-in.o
                0x000000004022128c                _do_help
 .text.var_complete
                0x0000000040221420       0x78 common/built-in.o
                0x0000000040221420                var_complete
 .text.cmd_auto_complete
                0x0000000040221498      0x4a8 common/built-in.o
                0x0000000040221498                cmd_auto_complete
 .text.cmd_get_data_size
                0x0000000040221940       0x6c common/built-in.o
                0x0000000040221940                cmd_get_data_size
 .text.cmd_process
                0x00000000402219ac      0x10c common/built-in.o
                0x00000000402219ac                cmd_process
 .text.cmd_process_error
                0x0000000040221ab8       0x38 common/built-in.o
                0x0000000040221ab8                cmd_process_error
 .text.hex1_bin
                0x0000000040221af0       0x44 common/built-in.o
 .text.hex2_bin
                0x0000000040221b34       0x40 common/built-in.o
 .text.srec_decode
                0x0000000040221b74      0x228 common/built-in.o
                0x0000000040221b74                srec_decode
 .text.CYGACC_COMM_IF_GETC_TIMEOUT.isra.0
                0x0000000040221d9c       0x54 common/built-in.o
 .text.xyzModem_flush
                0x0000000040221df0       0x1c common/built-in.o
 .text.xyzModem_get_hdr
                0x0000000040221e0c      0x21c common/built-in.o
 .text.xyzModem_stream_open
                0x0000000040222028      0x260 common/built-in.o
                0x0000000040222028                xyzModem_stream_open
 .text.xyzModem_stream_read
                0x0000000040222288      0x270 common/built-in.o
                0x0000000040222288                xyzModem_stream_read
 .text.xyzModem_stream_close
                0x00000000402224f8       0x3c common/built-in.o
                0x00000000402224f8                xyzModem_stream_close
 .text.xyzModem_stream_terminate
                0x0000000040222534       0xa4 common/built-in.o
                0x0000000040222534                xyzModem_stream_terminate
 .text.xyzModem_error
                0x00000000402225d8       0x28 common/built-in.o
                0x00000000402225d8                xyzModem_error
 .text.blk_get_dev
                0x0000000040222600       0x3c disk/built-in.o
                0x0000000040222600                blk_get_dev
 .text.dev_print
                0x000000004022263c      0x1dc disk/built-in.o
                0x000000004022263c                dev_print
 .text.part_init
                0x0000000040222818       0x7c disk/built-in.o
                0x0000000040222818                part_init
 .text.part_print
                0x0000000040222894      0x168 disk/built-in.o
                0x0000000040222894                part_print
 .text.part_get_info
                0x00000000402229fc       0x84 disk/built-in.o
                0x00000000402229fc                part_get_info
 .text.part_get_info_whole_disk
                0x0000000040222a80       0x54 disk/built-in.o
                0x0000000040222a80                part_get_info_whole_disk
 .text.blk_get_device_by_str
                0x0000000040222ad4      0x15c disk/built-in.o
                0x0000000040222ad4                blk_get_device_by_str
 .text.blk_get_device_part_str
                0x0000000040222c30      0x378 disk/built-in.o
                0x0000000040222c30                blk_get_device_part_str
 .text.part_set_generic_name
                0x0000000040222fa8       0x48 disk/built-in.o
                0x0000000040222fa8                part_set_generic_name
 .text.test_block_type
                0x0000000040222ff0       0x90 disk/built-in.o
 .text.print_partition_extended
                0x0000000040223080      0x268 disk/built-in.o
 .text.part_print_dos
                0x00000000402232e8       0x3c disk/built-in.o
                0x00000000402232e8                part_print_dos
 .text.part_test_dos
                0x0000000040223324       0x78 disk/built-in.o
 .text.part_get_info_extended
                0x000000004022339c      0x2c0 disk/built-in.o
 .text.part_get_info_dos
                0x000000004022365c       0x1c disk/built-in.o
                0x000000004022365c                part_get_info_dos
 .text.print_efiname
                0x0000000040223678       0x5c disk/built-in.o
 .text.part_test_efi
                0x00000000402236d4       0xb4 disk/built-in.o
 .text.validate_gpt_header
                0x0000000040223788      0x230 disk/built-in.o
 .text.is_gpt_valid
                0x00000000402239b8      0x2e8 disk/built-in.o
 .text.is_pte_valid
                0x0000000040223ca0       0x64 disk/built-in.o
 .text.part_print_efi
                0x0000000040223d04      0x278 disk/built-in.o
                0x0000000040223d04                part_print_efi
 .text.part_get_info_efi
                0x0000000040223f7c      0x218 disk/built-in.o
                0x0000000040223f7c                part_get_info_efi
 .text.is_valid_gpt_buf
                0x0000000040224194       0xf0 disk/built-in.o
                0x0000000040224194                is_valid_gpt_buf
 .text.write_backup_gpt_partitions
                0x0000000040224284      0x398 disk/built-in.o
                0x0000000040224284                write_backup_gpt_partitions
 .text.device_bind_common.isra.0
                0x000000004022461c      0x324 drivers/built-in.o
 .text.alloc_priv
                0x0000000040224940       0x68 drivers/built-in.o
 .text.device_bind_with_driver_data
                0x00000000402249a8       0x14 drivers/built-in.o
                0x00000000402249a8                device_bind_with_driver_data
 .text.device_bind
                0x00000000402249bc       0x10 drivers/built-in.o
                0x00000000402249bc                device_bind
 .text.device_bind_by_name
                0x00000000402249cc       0x7c drivers/built-in.o
                0x00000000402249cc                device_bind_by_name
 .text.device_probe
                0x0000000040224a48      0x254 drivers/built-in.o
                0x0000000040224a48                device_probe
 .text.dev_get_platdata
                0x0000000040224c9c       0x34 drivers/built-in.o
                0x0000000040224c9c                dev_get_platdata
 .text.dev_get_parent_platdata
                0x0000000040224cd0       0x34 drivers/built-in.o
                0x0000000040224cd0                dev_get_parent_platdata
 .text.dev_get_uclass_platdata
                0x0000000040224d04       0x34 drivers/built-in.o
                0x0000000040224d04                dev_get_uclass_platdata
 .text.dev_get_priv
                0x0000000040224d38       0x34 drivers/built-in.o
                0x0000000040224d38                dev_get_priv
 .text.dev_get_uclass_priv
                0x0000000040224d6c       0x34 drivers/built-in.o
                0x0000000040224d6c                dev_get_uclass_priv
 .text.dev_get_parent_priv
                0x0000000040224da0       0x34 drivers/built-in.o
                0x0000000040224da0                dev_get_parent_priv
 .text.device_find_first_child
                0x0000000040224dd4       0x20 drivers/built-in.o
                0x0000000040224dd4                device_find_first_child
 .text.device_find_next_child
                0x0000000040224df4       0x28 drivers/built-in.o
                0x0000000040224df4                device_find_next_child
 .text.dev_get_parent
                0x0000000040224e1c        0x8 drivers/built-in.o
                0x0000000040224e1c                dev_get_parent
 .text.dev_get_driver_data
                0x0000000040224e24        0x8 drivers/built-in.o
                0x0000000040224e24                dev_get_driver_data
 .text.dev_get_driver_ops
                0x0000000040224e2c       0x18 drivers/built-in.o
                0x0000000040224e2c                dev_get_driver_ops
 .text.device_get_uclass_id
                0x0000000040224e44       0x10 drivers/built-in.o
                0x0000000040224e44                device_get_uclass_id
 .text.dev_get_uclass_name
                0x0000000040224e54       0x1c drivers/built-in.o
                0x0000000040224e54                dev_get_uclass_name
 .text.device_has_active_children
                0x0000000040224e70       0x3c drivers/built-in.o
                0x0000000040224e70                device_has_active_children
 .text.device_is_last_sibling
                0x0000000040224eac       0x24 drivers/built-in.o
                0x0000000040224eac                device_is_last_sibling
 .text.device_set_name_alloced
                0x0000000040224ed0       0x10 drivers/built-in.o
                0x0000000040224ed0                device_set_name_alloced
 .text.devfdt_get_addr_index
                0x0000000040224ee0       0xec drivers/built-in.o
                0x0000000040224ee0                devfdt_get_addr_index
 .text.devfdt_get_addr
                0x0000000040224fcc        0x8 drivers/built-in.o
                0x0000000040224fcc                devfdt_get_addr
 .text.lists_driver_lookup_name
                0x0000000040224fd4       0x78 drivers/built-in.o
                0x0000000040224fd4                lists_driver_lookup_name
 .text.lists_uclass_lookup
                0x000000004022504c       0x48 drivers/built-in.o
                0x000000004022504c                lists_uclass_lookup
 .text.lists_bind_drivers
                0x0000000040225094       0xb0 drivers/built-in.o
                0x0000000040225094                lists_bind_drivers
 .text.device_bind_driver_to_node
                0x0000000040225144       0x68 drivers/built-in.o
                0x0000000040225144                device_bind_driver_to_node
 .text.device_bind_driver
                0x00000000402251ac        0xc drivers/built-in.o
                0x00000000402251ac                device_bind_driver
 .text.lists_bind_fdt
                0x00000000402251b8      0x180 drivers/built-in.o
                0x00000000402251b8                lists_bind_fdt
 .text.dm_scan_fdt_node
                0x0000000040225338       0xfc drivers/built-in.o
 .text.dm_root  0x0000000040225434       0x30 drivers/built-in.o
                0x0000000040225434                dm_root
 .text.dm_get_translation_offset
                0x0000000040225464       0x1c drivers/built-in.o