f_fastboot.c:892:17:mmc_sparse_reserve	0	static
f_fastboot.c:2753:13:fastboot_complete	0	static
f_fastboot.c:3109:12:get_block_size	48	static
f_fastboot.c:3022:12:fastboot_tx_write	48	static
f_fastboot.c:2833:13:fastboot_disable	32	static
f_fastboot.c:3038:12:fastboot_tx_write_str	32	static
f_fastboot.c:4418:13:cb_continue	0	static
f_fastboot.c:4407:13:cb_boot	0	static
f_fastboot.c:4120:13:cb_reboot_bootloader	0	static
f_fastboot.c:3066:12:strcmp_l1	32	static
f_fastboot.c:4508:13:rx_handler_command	64	static
f_fastboot.c:2864:28:fastboot_start_ep	32	static
f_fastboot.c:2883:12:fastboot_set_alt	48	static
f_fastboot.c:2826:13:fastboot_unbind	0	static
f_fastboot.c:2946:12:fastboot_add	48	static
f_fastboot.c:850:17:mmc_sparse_write	96	static
f_fastboot.c:4413:13:do_exit_on_complete	0	static
f_fastboot.c:4388:13:do_bootm_on_complete	64	static
f_fastboot.c:3043:13:compl_do_reset	0	static
f_fastboot.c:2979:12:fastboot_tx_write_more	48	static
f_fastboot.c:2761:12:fastboot_bind	96	static
f_fastboot.c:4266:21:rx_bytes_expected.isra.1	0	static
f_fastboot.c:4364:13:cb_download	128	static
f_fastboot.c:4291:13:rx_handler_dl_image	160	static
f_fastboot.c:2735:13:fastboot_fifo_complete	32	static
f_fastboot.c:796:14:bootloader_mmc_offset	16	static
f_fastboot.c:4064:13:do_acmd_complete	0	static
f_fastboot.c:4074:13:cb_run_uboot_acmd	32	static
f_fastboot.c:4344:13:cb_upload	112	static
f_fastboot.c:508:12:parse_env.isra.8.constprop	16	static
f_fastboot.c:899:6:bootloader_gpt_overlay	16	static
f_fastboot.c:905:5:write_backup_gpt	32	static
f_fastboot.c:1518:6:fastboot_flash_add_ptn	32	static
f_fastboot.c:1374:12:_fastboot_parts_load_from_ptable	3312	static
f_fastboot.c:1526:6:fastboot_flash_dump_ptn	48	static
f_fastboot.c:1537:26:fastboot_flash_find_ptn	80	static
f_fastboot.c:406:5:read_from_partition_multi	192	static
f_fastboot.c:4007:13:cb_erase	288	static
f_fastboot.c:3192:12:get_single_var	96	static
f_fastboot.c:3472:13:cb_getvar	784	static
f_fastboot.c:1552:5:fastboot_flash_find_index	32	static
f_fastboot.c:1563:26:fastboot_flash_get_ptn	0	static
f_fastboot.c:1571:14:fastboot_flash_get_ptn_count	0	static
f_fastboot.c:1577:6:board_fastboot_setup	64	static
f_fastboot.c:1803:6:fastboot_setup	64	static
f_fastboot.c:4044:13:cb_run_uboot_cmd	32	static
f_fastboot.c:1916:6:fastboot_run_bootmode	0	static
f_fastboot.c:2723:6:fastboot_fail	32	static
f_fastboot.c:2729:6:fastboot_okay	32	static
f_fastboot.c:3949:13:cb_flash	480	static
f_fastboot.c:3048:12:fb_set_reboot_flag	0	static
f_fastboot.c:3053:13:cb_reboot	16	static
