log.h:359:19:log_init	0	static
board_f.c:124:12:display_text_info	0	static
board_f.c:220:12:setup_mon_len	0	static
board_f.c:237:12:arch_cpu_init	0	static
board_f.c:320:12:reserve_round_4k	0	static
board_f.c:397:12:reserve_uboot	0	static
board_f.c:419:12:reserve_malloc	0	static
board_f.c:448:12:reserve_global_data	0	static
board_f.c:457:12:reserve_fdt	0	static
board_f.c:179:12:dram_init_banksize	32	static
board_f.c:327:12:reserve_mmu	32	static
board_f.c:616:12:setup_reloc	16	static
board_f.c:584:12:reloc_fdt	16	static
board_f.c:428:12:reserve_board	16	static
board_f.c:145:12:announce_dram_init	16	static
board_f.c:118:12:init_baud_rate	16	static
board_f.c:721:12:initf_dm	0	static
board_f.c:687:12:initf_bootstage	16	static
board_f.c:747:12:arch_cpu_init_dm	0	static
board_f.c:242:12:mach_cpu_init	0	static
board_f.c:354:12:reserve_video	0	static
board_f.c:385:12:reserve_trace	0	static
board_f.c:440:12:setup_machine	0	static
board_f.c:478:12:reserve_bootstage	0	static
board_f.c:510:12:display_new_sp	0	static
board_f.c:598:12:reloc_bootstage	0	static
board_f.c:712:12:initf_console_record	0	static
board_f.c:742:12:reserve_arch	0	static
board_f.c:68:13:coloured_LED_init	0	static
board_f.c:69:13:red_led_on	0	static
board_f.c:70:13:red_led_off	0	static
board_f.c:71:13:green_led_on	0	static
board_f.c:72:13:green_led_off	0	static
board_f.c:73:13:yellow_led_on	0	static
board_f.c:74:13:yellow_led_off	0	static
board_f.c:75:13:blue_led_on	0	static
board_f.c:76:13:blue_led_off	0	static
board_f.c:113:13:board_add_ram_info	0	static
board_f.c:151:12:show_dram_config	16	static
board_f.c:248:14:board_get_usable_ram_top	0	static
board_f.c:265:12:setup_dest_addr	32	static
board_f.c:492:5:arch_reserve_stacks	0	static
board_f.c:497:12:reserve_stacks	0	static
board_f.c:897:6:board_init_f	16	static
