efi_device_path.c:321:17:dp_size	0	static
efi_device_path.c:59:14:dp_alloc	32	static
efi_device_path.c:522:17:dp_part_size	48	static
efi_device_path.c:557:14:dp_part_node	224	static
efi_device_path.c:378:14:dp_fill	48	static
efi_device_path.c:622:14:dp_part_fill	64	static
efi_device_path.c:76:25:efi_dp_next	0	static
efi_device_path.c:94:5:efi_dp_match	32	static
efi_device_path.c:218:31:efi_dp_last_node	16	static
efi_device_path.c:232:10:efi_dp_size	16	static
efi_device_path.c:147:27:find_obj	96	static
efi_device_path.c:192:20:efi_dp_find_obj	32	static
efi_device_path.c:244:25:efi_dp_dup	48	static
efi_device_path.c:260:25:efi_dp_append	64	static
efi_device_path.c:285:25:efi_dp_append_node	64	static
efi_device_path.c:508:25:efi_dp_from_dev	32	static
efi_device_path.c:662:25:efi_dp_from_part	48	static
efi_device_path.c:684:25:efi_dp_part_node	48	static
efi_device_path.c:716:25:efi_dp_from_file	64	static
efi_device_path.c:750:25:efi_dp_from_eth	32	static
efi_device_path.c:790:25:efi_dp_from_mem	48	static
efi_device_path.c:819:14:efi_dp_split_file_path	64	static
