blk-uclass.c:145:12:get_desc	96	static
blk-uclass.c:61:13:blk_get_if_type_name	0	static
blk-uclass.c:85:18:blk_get_devnum_by_typename	80	static
blk-uclass.c:190:5:blk_list_part	64	static
blk-uclass.c:215:5:blk_print_part_devnum	48	static
blk-uclass.c:230:6:blk_list_devices	64	static
blk-uclass.c:249:5:blk_print_device_num	48	static
blk-uclass.c:263:5:blk_show_device	48	static
blk-uclass.c:313:5:blk_select_hwpart	0	static
blk-uclass.c:325:5:blk_dselect_hwpart	0	static
blk-uclass.c:330:5:blk_first_device	48	static
blk-uclass.c:352:5:blk_next_device	48	static
blk-uclass.c:371:5:blk_find_device	80	static
blk-uclass.c:394:5:blk_get_device	32	static
blk-uclass.c:66:18:blk_get_devnum_by_type	32	static
blk-uclass.c:178:5:blk_select_hwpart_devnum	48	static
blk-uclass.c:405:15:blk_dread	0	static
blk-uclass.c:284:7:blk_read_devnum	64	static
blk-uclass.c:426:15:blk_dwrite	0	static
blk-uclass.c:301:7:blk_write_devnum	64	static
blk-uclass.c:439:15:blk_derase	0	static
blk-uclass.c:452:5:blk_prepare_device	16	static
blk-uclass.c:461:5:blk_get_from_parent	48	static
blk-uclass.c:487:5:blk_find_max_devnum	64	static
blk-uclass.c:545:5:blk_create_device	128	static
blk-uclass.c:577:5:blk_create_devicef	112	static
blk-uclass.c:600:5:blk_unbind_all	64	static
