device.c:601:24:_device_find_global_by_of_offset	48	static
device.c:36:12:device_bind_common.isra.0	112	static
device.c:257:14:alloc_priv	32	static
device.c:220:5:device_bind_with_driver_data	0	static
device.c:229:5:device_bind	0	static
device.c:237:5:device_bind_by_name	48	static
device.c:301:5:device_probe	48	static
device.c:448:7:dev_get_platdata	16	static
device.c:458:7:dev_get_parent_platdata	16	static
device.c:468:7:dev_get_uclass_platdata	16	static
device.c:478:7:dev_get_priv	16	static
device.c:488:7:dev_get_uclass_priv	16	static
device.c:498:7:dev_get_parent_priv	16	static
device.c:523:5:device_get_child	32	static
device.c:535:5:device_find_child_by_seq	0	static
device.c:555:5:device_get_child_by_seq	48	static
device.c:573:5:device_find_child_by_of_offset	0	static
device.c:590:5:device_get_child_by_of_offset	48	static
device.c:618:5:device_get_global_by_of_offset	32	static
device.c:626:5:device_find_first_child	0	static
device.c:638:5:device_find_next_child	0	static
device.c:653:17:dev_get_parent	0	static
device.c:658:7:dev_get_driver_data	0	static
device.c:663:13:dev_get_driver_ops	0	static
device.c:671:16:device_get_uclass_id	0	static
device.c:676:13:dev_get_uclass_name	0	static
device.c:684:6:device_has_children	0	static
device.c:689:6:device_has_active_children	32	static
device.c:703:6:device_is_last_sibling	0	static
device.c:712:6:device_set_name_alloced	0	static
device.c:717:5:device_set_name	32	static
device.c:728:6:device_is_compatible	16	static
device.c:739:6:of_machine_is_compatible	16	static
