ofnode.c:19:5:ofnode_read_u32	48	static
ofnode.c:43:5:ofnode_read_u32_default	32	static
ofnode.c:51:5:ofnode_read_s32_default	32	static
ofnode.c:73:13:ofnode_read_string	48	static
ofnode.c:106:8:ofnode_find_subnode	16	static
ofnode.c:132:5:ofnode_read_u32_array	0	static
ofnode.c:148:8:ofnode_first_subnode	16	static
ofnode.c:158:8:ofnode_next_subnode	16	static
ofnode.c:168:8:ofnode_get_parent	16	static
ofnode.c:182:13:ofnode_get_name	0	static
ofnode.c:191:8:ofnode_get_by_phandle	16	static
ofnode.c:204:5:ofnode_read_size	32	static
ofnode.c:395:12:decode_timing_property	64	static
ofnode.c:223:12:ofnode_get_addr_index	0	static
ofnode.c:253:12:ofnode_get_addr	0	static
ofnode.c:258:5:ofnode_stringlist_search	16	static
ofnode.c:279:5:ofnode_read_string_index	48	static
ofnode.c:296:5:ofnode_read_string_count	0	static
ofnode.c:324:5:ofnode_parse_phandle_with_args	112	static
ofnode.c:355:5:ofnode_count_phandle_with_args	0	static
ofnode.c:367:8:ofnode_path	16	static
ofnode.c:375:13:ofnode_get_chosen_prop	32	static
ofnode.c:384:8:ofnode_get_chosen_node	16	static
ofnode.c:483:13:ofnode_get_property	0	static
ofnode.c:59:6:ofnode_read_bool	16	static
ofnode.c:418:5:ofnode_decode_display_timing	64	static
ofnode.c:492:6:ofnode_is_available	16	static
ofnode.c:501:12:ofnode_get_addr_size	0	static
ofnode.c:523:16:ofnode_read_u8_array_ptr	0	static
ofnode.c:541:5:ofnode_read_pci_addr	48	static
ofnode.c:595:5:ofnode_read_addr_cells	0	static
ofnode.c:603:5:ofnode_read_size_cells	0	static
ofnode.c:611:5:ofnode_read_simple_addr_cells	0	static
ofnode.c:619:5:ofnode_read_simple_size_cells	0	static
ofnode.c:627:6:ofnode_pre_reloc	32	static
ofnode.c:651:5:ofnode_read_resource	48	static
ofnode.c:671:5:ofnode_read_resource_byname	32	static
ofnode.c:683:5:ofnode_translate_address	0	static
